Archive member included because of file (symbol)

c:/imt_sdk_win_64/winavr/bin/../lib/gcc/avr/4.3.3/avr5\libgcc.a(_mulsi3.o)
                              ./library/MCAL/UART/UART_program.o (__mulsi3)
c:/imt_sdk_win_64/winavr/bin/../lib/gcc/avr/4.3.3/avr5\libgcc.a(_udivmodsi4.o)
                              ./library/MCAL/UART/UART_program.o (__udivmodsi4)
c:/imt_sdk_win_64/winavr/bin/../lib/gcc/avr/4.3.3/avr5\libgcc.a(_exit.o)
                              c:/imt_sdk_win_64/winavr/bin/../lib/gcc/avr/4.3.3/../../../../avr/lib/avr5/crtm32.o (exit)
c:/imt_sdk_win_64/winavr/bin/../lib/gcc/avr/4.3.3/avr5\libgcc.a(_copy_data.o)
                              ./library/HAL/SSD/SSD_program.o (__do_copy_data)
c:/imt_sdk_win_64/winavr/bin/../lib/gcc/avr/4.3.3/avr5\libgcc.a(_clear_bss.o)
                              ./library/MCAL/UART/UART_program.o (__do_clear_bss)
c:/imt_sdk_win_64/winavr/bin/../lib/gcc/avr/4.3.3/avr5\libgcc.a(_fixunssfsi.o)
                              ./library/MCAL/UART/UART_program.o (__fixunssfsi)
c:/imt_sdk_win_64/winavr/bin/../lib/gcc/avr/4.3.3/avr5\libgcc.a(_addsub_sf.o)
                              ./library/MCAL/UART/UART_program.o (__subsf3)
c:/imt_sdk_win_64/winavr/bin/../lib/gcc/avr/4.3.3/avr5\libgcc.a(_mul_sf.o)
                              ./library/MCAL/UART/UART_program.o (__mulsf3)
c:/imt_sdk_win_64/winavr/bin/../lib/gcc/avr/4.3.3/avr5\libgcc.a(_div_sf.o)
                              ./library/HAL/USS/USS_program.o (__divsf3)
c:/imt_sdk_win_64/winavr/bin/../lib/gcc/avr/4.3.3/avr5\libgcc.a(_gt_sf.o)
                              ./library/MCAL/UART/UART_program.o (__gtsf2)
c:/imt_sdk_win_64/winavr/bin/../lib/gcc/avr/4.3.3/avr5\libgcc.a(_ge_sf.o)
                              c:/imt_sdk_win_64/winavr/bin/../lib/gcc/avr/4.3.3/avr5\libgcc.a(_fixunssfsi.o) (__gesf2)
c:/imt_sdk_win_64/winavr/bin/../lib/gcc/avr/4.3.3/avr5\libgcc.a(_lt_sf.o)
                              ./library/MCAL/UART/UART_program.o (__ltsf2)
c:/imt_sdk_win_64/winavr/bin/../lib/gcc/avr/4.3.3/avr5\libgcc.a(_si_to_sf.o)
                              ./library/HAL/USS/USS_program.o (__floatsisf)
c:/imt_sdk_win_64/winavr/bin/../lib/gcc/avr/4.3.3/avr5\libgcc.a(_sf_to_si.o)
                              ./library/MCAL/UART/UART_program.o (__fixsfsi)
c:/imt_sdk_win_64/winavr/bin/../lib/gcc/avr/4.3.3/avr5\libgcc.a(_thenan_sf.o)
                              c:/imt_sdk_win_64/winavr/bin/../lib/gcc/avr/4.3.3/avr5\libgcc.a(_addsub_sf.o) (__thenan_sf)
c:/imt_sdk_win_64/winavr/bin/../lib/gcc/avr/4.3.3/avr5\libgcc.a(_usi_to_sf.o)
                              ./library/MCAL/UART/UART_program.o (__floatunsisf)
c:/imt_sdk_win_64/winavr/bin/../lib/gcc/avr/4.3.3/avr5\libgcc.a(_prologue.o)
                              c:/imt_sdk_win_64/winavr/bin/../lib/gcc/avr/4.3.3/avr5\libgcc.a(_addsub_sf.o) (__prologue_saves__)
c:/imt_sdk_win_64/winavr/bin/../lib/gcc/avr/4.3.3/avr5\libgcc.a(_epilogue.o)
                              c:/imt_sdk_win_64/winavr/bin/../lib/gcc/avr/4.3.3/avr5\libgcc.a(_addsub_sf.o) (__epilogue_restores__)
c:/imt_sdk_win_64/winavr/bin/../lib/gcc/avr/4.3.3/avr5\libgcc.a(_clzsi2.o)
                              c:/imt_sdk_win_64/winavr/bin/../lib/gcc/avr/4.3.3/avr5\libgcc.a(_si_to_sf.o) (__clzsi2)
c:/imt_sdk_win_64/winavr/bin/../lib/gcc/avr/4.3.3/avr5\libgcc.a(_pack_sf.o)
                              c:/imt_sdk_win_64/winavr/bin/../lib/gcc/avr/4.3.3/avr5\libgcc.a(_addsub_sf.o) (__pack_f)
c:/imt_sdk_win_64/winavr/bin/../lib/gcc/avr/4.3.3/avr5\libgcc.a(_unpack_sf.o)
                              c:/imt_sdk_win_64/winavr/bin/../lib/gcc/avr/4.3.3/avr5\libgcc.a(_addsub_sf.o) (__unpack_f)
c:/imt_sdk_win_64/winavr/bin/../lib/gcc/avr/4.3.3/avr5\libgcc.a(_fpcmp_parts_sf.o)
                              c:/imt_sdk_win_64/winavr/bin/../lib/gcc/avr/4.3.3/avr5\libgcc.a(_gt_sf.o) (__fpcmp_parts_f)
c:/imt_sdk_win_64/winavr/bin/../lib/gcc/avr/4.3.3/avr5\libgcc.a(_clz.o)
                              c:/imt_sdk_win_64/winavr/bin/../lib/gcc/avr/4.3.3/avr5\libgcc.a(_clzsi2.o) (__clz_tab)

Allocating common symbols
Common symbol       size              file

Frame               0x8               ./library/APP/RC_SYSTEM/RC_SYSTEM_program.o
taskArr             0x46              ./library/APP/CRTOS/CRTOS_program.o
KPD_pu8_Layout      0x2               ./library/HAL/KPD/KPD_program.o

Memory Configuration

Name             Origin             Length             Attributes
text             0x00000000         0x00020000         xr
data             0x00800060         0x0000ffa0         rw !x
eeprom           0x00810000         0x00010000         rw !x
fuse             0x00820000         0x00000400         rw !x
lock             0x00830000         0x00000400         rw !x
signature        0x00840000         0x00000400         rw !x
*default*        0x00000000         0xffffffff

Linker script and memory map

LOAD c:/imt_sdk_win_64/winavr/bin/../lib/gcc/avr/4.3.3/../../../../avr/lib/avr5/crtm32.o
LOAD ./library/MCAL/WD/WD_program.o
LOAD ./library/MCAL/UART/UART_program.o
LOAD ./library/MCAL/TWI/TWI_program.o
LOAD ./library/MCAL/TIM/TIM_program.o
LOAD ./library/MCAL/SPI/SPI_program.o
LOAD ./library/MCAL/PWR/PWR_program.o
LOAD ./library/MCAL/GPI/GPI_program.o
LOAD ./library/MCAL/EXTI/EXTI_program.o
LOAD ./library/MCAL/DIO/DIO_program.o
LOAD ./library/MCAL/ADC/ADC_program.o
LOAD ./library/LIB/delay.o
LOAD ./library/HAL/USS/USS_program.o
LOAD ./library/HAL/StepperMotor/StepperMotor_program.o
LOAD ./library/HAL/SSD/SSD_program.o
LOAD ./library/HAL/SERVO/SERVO_program.o
LOAD ./library/HAL/LCD/LCD_program.o
LOAD ./library/HAL/KPD/KPD_program.o
LOAD ./library/HAL/IR/IR_program.o
LOAD ./library/HAL/GamePad/GamePad_program.o
LOAD ./library/HAL/EEPROM/EEPROM_Program.o
LOAD ./library/HAL/DSC/DSC_program.o
LOAD ./library/APP/RC_SYSTEM/RC_SYSTEM_program.o
LOAD ./library/APP/MAN/MAN_program.o
LOAD ./library/APP/CRTOS/CRTOS_program.o
LOAD ./library/APP/AUTO/AUTO_program.o
LOAD ./main.o
LOAD c:/imt_sdk_win_64/winavr/bin/../lib/gcc/avr/4.3.3/avr5\libgcc.a
LOAD c:/imt_sdk_win_64/winavr/bin/../lib/gcc/avr/4.3.3/../../../../avr/lib/avr5\libc.a
LOAD c:/imt_sdk_win_64/winavr/bin/../lib/gcc/avr/4.3.3/avr5\libgcc.a

.hash
 *(.hash)

.dynsym
 *(.dynsym)

.dynstr
 *(.dynstr)

.gnu.version
 *(.gnu.version)

.gnu.version_d
 *(.gnu.version_d)

.gnu.version_r
 *(.gnu.version_r)

.rel.init
 *(.rel.init)

.rela.init
 *(.rela.init)

.rel.text
 *(.rel.text)
 *(.rel.text.*)
 *(.rel.gnu.linkonce.t*)

.rela.text
 *(.rela.text)
 *(.rela.text.*)
 *(.rela.gnu.linkonce.t*)

.rel.fini
 *(.rel.fini)

.rela.fini
 *(.rela.fini)

.rel.rodata
 *(.rel.rodata)
 *(.rel.rodata.*)
 *(.rel.gnu.linkonce.r*)

.rela.rodata
 *(.rela.rodata)
 *(.rela.rodata.*)
 *(.rela.gnu.linkonce.r*)

.rel.data
 *(.rel.data)
 *(.rel.data.*)
 *(.rel.gnu.linkonce.d*)

.rela.data
 *(.rela.data)
 *(.rela.data.*)
 *(.rela.gnu.linkonce.d*)

.rel.ctors
 *(.rel.ctors)

.rela.ctors
 *(.rela.ctors)

.rel.dtors
 *(.rel.dtors)

.rela.dtors
 *(.rela.dtors)

.rel.got
 *(.rel.got)

.rela.got
 *(.rela.got)

.rel.bss
 *(.rel.bss)

.rela.bss
 *(.rela.bss)

.rel.plt
 *(.rel.plt)

.rela.plt
 *(.rela.plt)

.text           0x00000000     0x6108
 *(.vectors)
 .vectors       0x00000000       0x54 c:/imt_sdk_win_64/winavr/bin/../lib/gcc/avr/4.3.3/../../../../avr/lib/avr5/crtm32.o
                0x00000000                __vectors
                0x00000000                __vector_default
 *(.vectors)
 *(.progmem.gcc*)
 *(.progmem*)
                0x00000054                . = ALIGN (0x2)
                0x00000054                __trampolines_start = .
 *(.trampolines)
 .trampolines   0x00000054        0x0 linker stubs
 *(.trampolines*)
                0x00000054                __trampolines_end = .
 *(.jumptables)
 *(.jumptables*)
 *(.lowtext)
 *(.lowtext*)
                0x00000054                __ctors_start = .
 *(.ctors)
                0x00000054                __ctors_end = .
                0x00000054                __dtors_start = .
 *(.dtors)
                0x00000054                __dtors_end = .
 SORT(*)(.ctors)
 SORT(*)(.dtors)
 *(.init0)
 .init0         0x00000054        0x0 c:/imt_sdk_win_64/winavr/bin/../lib/gcc/avr/4.3.3/../../../../avr/lib/avr5/crtm32.o
                0x00000054                __init
 *(.init0)
 *(.init1)
 *(.init1)
 *(.init2)
 .init2         0x00000054        0xc c:/imt_sdk_win_64/winavr/bin/../lib/gcc/avr/4.3.3/../../../../avr/lib/avr5/crtm32.o
 *(.init2)
 *(.init3)
 *(.init3)
 *(.init4)
 .init4         0x00000060       0x16 c:/imt_sdk_win_64/winavr/bin/../lib/gcc/avr/4.3.3/avr5\libgcc.a(_copy_data.o)
                0x00000060                __do_copy_data
 .init4         0x00000076       0x10 c:/imt_sdk_win_64/winavr/bin/../lib/gcc/avr/4.3.3/avr5\libgcc.a(_clear_bss.o)
                0x00000076                __do_clear_bss
 *(.init4)
 *(.init5)
 *(.init5)
 *(.init6)
 *(.init6)
 *(.init7)
 *(.init7)
 *(.init8)
 *(.init8)
 *(.init9)
 .init9         0x00000086        0x8 c:/imt_sdk_win_64/winavr/bin/../lib/gcc/avr/4.3.3/../../../../avr/lib/avr5/crtm32.o
 *(.init9)
 *(.text)
 .text          0x0000008e        0x4 c:/imt_sdk_win_64/winavr/bin/../lib/gcc/avr/4.3.3/../../../../avr/lib/avr5/crtm32.o
                0x0000008e                __vector_12
                0x0000008e                __bad_interrupt
                0x0000008e                __vector_17
                0x0000008e                __vector_19
                0x0000008e                __vector_18
                0x0000008e                __vector_20
 .text          0x00000092        0x0 ./library/MCAL/WD/WD_program.o
 .text          0x00000092        0x0 ./library/MCAL/UART/UART_program.o
 .text          0x00000092        0x0 ./library/MCAL/TWI/TWI_program.o
 .text          0x00000092        0x0 ./library/MCAL/TIM/TIM_program.o
 .text          0x00000092        0x0 ./library/MCAL/SPI/SPI_program.o
 .text          0x00000092        0x0 ./library/MCAL/PWR/PWR_program.o
 .text          0x00000092        0x0 ./library/MCAL/GPI/GPI_program.o
 .text          0x00000092        0x0 ./library/MCAL/EXTI/EXTI_program.o
 .text          0x00000092        0x0 ./library/MCAL/DIO/DIO_program.o
 .text          0x00000092        0x0 ./library/MCAL/ADC/ADC_program.o
 .text          0x00000092        0x0 ./library/LIB/delay.o
 .text          0x00000092        0x0 ./library/HAL/USS/USS_program.o
 .text          0x00000092        0x0 ./library/HAL/StepperMotor/StepperMotor_program.o
 .text          0x00000092        0x0 ./library/HAL/SSD/SSD_program.o
 .text          0x00000092        0x0 ./library/HAL/SERVO/SERVO_program.o
 .text          0x00000092        0x0 ./library/HAL/LCD/LCD_program.o
 .text          0x00000092        0x0 ./library/HAL/KPD/KPD_program.o
 .text          0x00000092        0x0 ./library/HAL/IR/IR_program.o
 .text          0x00000092        0x0 ./library/HAL/GamePad/GamePad_program.o
 .text          0x00000092        0x0 ./library/HAL/EEPROM/EEPROM_Program.o
 .text          0x00000092        0x0 ./library/HAL/DSC/DSC_program.o
 .text          0x00000092        0x0 ./library/APP/RC_SYSTEM/RC_SYSTEM_program.o
 .text          0x00000092        0x0 ./library/APP/MAN/MAN_program.o
 .text          0x00000092        0x0 ./library/APP/CRTOS/CRTOS_program.o
 .text          0x00000092        0x0 ./library/APP/AUTO/AUTO_program.o
 .text          0x00000092        0x0 ./main.o
 .text          0x00000092        0x0 c:/imt_sdk_win_64/winavr/bin/../lib/gcc/avr/4.3.3/avr5\libgcc.a(_mulsi3.o)
 .text          0x00000092        0x0 c:/imt_sdk_win_64/winavr/bin/../lib/gcc/avr/4.3.3/avr5\libgcc.a(_udivmodsi4.o)
 .text          0x00000092        0x0 c:/imt_sdk_win_64/winavr/bin/../lib/gcc/avr/4.3.3/avr5\libgcc.a(_exit.o)
 .text          0x00000092        0x0 c:/imt_sdk_win_64/winavr/bin/../lib/gcc/avr/4.3.3/avr5\libgcc.a(_copy_data.o)
 .text          0x00000092        0x0 c:/imt_sdk_win_64/winavr/bin/../lib/gcc/avr/4.3.3/avr5\libgcc.a(_clear_bss.o)
 .text          0x00000092       0x58 c:/imt_sdk_win_64/winavr/bin/../lib/gcc/avr/4.3.3/avr5\libgcc.a(_fixunssfsi.o)
                0x00000092                __fixunssfsi
 .text          0x000000ea      0x354 c:/imt_sdk_win_64/winavr/bin/../lib/gcc/avr/4.3.3/avr5\libgcc.a(_addsub_sf.o)
                0x00000382                __subsf3
                0x000003e4                __addsf3
 .text          0x0000043e      0x1f4 c:/imt_sdk_win_64/winavr/bin/../lib/gcc/avr/4.3.3/avr5\libgcc.a(_mul_sf.o)
                0x0000043e                __mulsf3
 .text          0x00000632      0x158 c:/imt_sdk_win_64/winavr/bin/../lib/gcc/avr/4.3.3/avr5\libgcc.a(_div_sf.o)
                0x00000632                __divsf3
 .text          0x0000078a       0x60 c:/imt_sdk_win_64/winavr/bin/../lib/gcc/avr/4.3.3/avr5\libgcc.a(_gt_sf.o)
                0x0000078a                __gtsf2
 .text          0x000007ea       0x60 c:/imt_sdk_win_64/winavr/bin/../lib/gcc/avr/4.3.3/avr5\libgcc.a(_ge_sf.o)
                0x000007ea                __gesf2
 .text          0x0000084a       0x60 c:/imt_sdk_win_64/winavr/bin/../lib/gcc/avr/4.3.3/avr5\libgcc.a(_lt_sf.o)
                0x0000084a                __ltsf2
 .text          0x000008aa       0xbc c:/imt_sdk_win_64/winavr/bin/../lib/gcc/avr/4.3.3/avr5\libgcc.a(_si_to_sf.o)
                0x000008aa                __floatsisf
 .text          0x00000966       0xa8 c:/imt_sdk_win_64/winavr/bin/../lib/gcc/avr/4.3.3/avr5\libgcc.a(_sf_to_si.o)
                0x00000966                __fixsfsi
 .text          0x00000a0e        0x0 c:/imt_sdk_win_64/winavr/bin/../lib/gcc/avr/4.3.3/avr5\libgcc.a(_thenan_sf.o)
 .text          0x00000a0e       0xf2 c:/imt_sdk_win_64/winavr/bin/../lib/gcc/avr/4.3.3/avr5\libgcc.a(_usi_to_sf.o)
                0x00000a0e                __floatunsisf
 .text          0x00000b00        0x0 c:/imt_sdk_win_64/winavr/bin/../lib/gcc/avr/4.3.3/avr5\libgcc.a(_prologue.o)
 .text          0x00000b00        0x0 c:/imt_sdk_win_64/winavr/bin/../lib/gcc/avr/4.3.3/avr5\libgcc.a(_epilogue.o)
 .text          0x00000b00       0x9e c:/imt_sdk_win_64/winavr/bin/../lib/gcc/avr/4.3.3/avr5\libgcc.a(_clzsi2.o)
                0x00000b00                __clzsi2
 .text          0x00000b9e      0x1aa c:/imt_sdk_win_64/winavr/bin/../lib/gcc/avr/4.3.3/avr5\libgcc.a(_pack_sf.o)
                0x00000b9e                __pack_f
 .text          0x00000d48       0xf0 c:/imt_sdk_win_64/winavr/bin/../lib/gcc/avr/4.3.3/avr5\libgcc.a(_unpack_sf.o)
                0x00000d48                __unpack_f
 .text          0x00000e38       0xb2 c:/imt_sdk_win_64/winavr/bin/../lib/gcc/avr/4.3.3/avr5\libgcc.a(_fpcmp_parts_sf.o)
                0x00000e38                __fpcmp_parts_f
 .text          0x00000eea        0x0 c:/imt_sdk_win_64/winavr/bin/../lib/gcc/avr/4.3.3/avr5\libgcc.a(_clz.o)
                0x00000eea                . = ALIGN (0x2)
 *(.text.*)
 .text.WD_voidInit
                0x00000eea       0x18 ./library/MCAL/WD/WD_program.o
                0x00000eea                WD_voidInit
 .text.WD_voidEnable
                0x00000f02       0x1c ./library/MCAL/WD/WD_program.o
                0x00000f02                WD_voidEnable
 .text.WD_voidDisable
                0x00000f1e       0x2e ./library/MCAL/WD/WD_program.o
                0x00000f1e                WD_voidDisable
 .text.WD_voidSetPrescalar
                0x00000f4c       0x28 ./library/MCAL/WD/WD_program.o
                0x00000f4c                WD_voidSetPrescalar
 .text.WD_voidFeed
                0x00000f74       0x10 ./library/MCAL/WD/WD_program.o
                0x00000f74                WD_voidFeed
 .text.UART_voidInit
                0x00000f84       0x24 ./library/MCAL/UART/UART_program.o
                0x00000f84                UART_voidInit
 .text.UART_voidMode
                0x00000fa8       0x3a ./library/MCAL/UART/UART_program.o
                0x00000fa8                UART_voidMode
 .text.UART_voidSetParityMode
                0x00000fe2       0x3a ./library/MCAL/UART/UART_program.o
                0x00000fe2                UART_voidSetParityMode
 .text.UART_voidSetStopBits
                0x0000101c       0x3a ./library/MCAL/UART/UART_program.o
                0x0000101c                UART_voidSetStopBits
 .text.UART_voidSetWordSize
                0x00001056       0x7e ./library/MCAL/UART/UART_program.o
                0x00001056                UART_voidSetWordSize
 .text.UART_voidSetClockPolarity
                0x000010d4       0x3a ./library/MCAL/UART/UART_program.o
                0x000010d4                UART_voidSetClockPolarity
 .text.UART_voidSetBaudRate
                0x0000110e       0x3a ./library/MCAL/UART/UART_program.o
                0x0000110e                UART_voidSetBaudRate
 .text.UART_voidTransmitterEnable
                0x00001148       0x1c ./library/MCAL/UART/UART_program.o
                0x00001148                UART_voidTransmitterEnable
 .text.UART_voidReceiverEnable
                0x00001164       0x1c ./library/MCAL/UART/UART_program.o
                0x00001164                UART_voidReceiverEnable
 .text.UART_voidTransmitterDisable
                0x00001180       0x1c ./library/MCAL/UART/UART_program.o
                0x00001180                UART_voidTransmitterDisable
 .text.UART_voidReceiverDisable
                0x0000119c       0x1c ./library/MCAL/UART/UART_program.o
                0x0000119c                UART_voidReceiverDisable
 .text.UART_voidTransmit
                0x000011b8       0x4e ./library/MCAL/UART/UART_program.o
                0x000011b8                UART_voidTransmit
 .text.UART_voidTransmitNewLine
                0x00001206       0x1a ./library/MCAL/UART/UART_program.o
                0x00001206                UART_voidTransmitNewLine
 .text.UART_voidTransmitInteger
                0x00001220      0x13e ./library/MCAL/UART/UART_program.o
                0x00001220                UART_voidTransmitInteger
 .text.UART_voidTransmitFraction
                0x0000135e      0x142 ./library/MCAL/UART/UART_program.o
                0x0000135e                UART_voidTransmitFraction
 .text.UART_voidTransmitNumber
                0x000014a0       0xf8 ./library/MCAL/UART/UART_program.o
                0x000014a0                UART_voidTransmitNumber
 .text.UART_voidTransmitStr
                0x00001598       0x48 ./library/MCAL/UART/UART_program.o
                0x00001598                UART_voidTransmitStr
 .text.UART_u16Receive
                0x000015e0       0xbe ./library/MCAL/UART/UART_program.o
                0x000015e0                UART_u16Receive
 .text.UART_u16Read
                0x0000169e       0x14 ./library/MCAL/UART/UART_program.o
                0x0000169e                UART_u16Read
 .text.UART_voidEnableReceiveInterrupt
                0x000016b2       0x1c ./library/MCAL/UART/UART_program.o
                0x000016b2                UART_voidEnableReceiveInterrupt
 .text.UART_voidDisableReceiveInterrupt
                0x000016ce       0x1c ./library/MCAL/UART/UART_program.o
                0x000016ce                UART_voidDisableReceiveInterrupt
 .text.UART_voidEnableTransmissionInterrupt
                0x000016ea       0x1c ./library/MCAL/UART/UART_program.o
                0x000016ea                UART_voidEnableTransmissionInterrupt
 .text.UART_voidDisableTransmissionInterrupt
                0x00001706       0x1c ./library/MCAL/UART/UART_program.o
                0x00001706                UART_voidDisableTransmissionInterrupt
 .text.UART_voidEnableDataRegisterEmptyInterrupt
                0x00001722       0x1c ./library/MCAL/UART/UART_program.o
                0x00001722                UART_voidEnableDataRegisterEmptyInterrupt
 .text.UART_voidDisableDataRegisterEmptyInterrupt
                0x0000173e       0x1c ./library/MCAL/UART/UART_program.o
                0x0000173e                UART_voidDisableDataRegisterEmptyInterrupt
 .text.UART_voidSetReceiveCallBack
                0x0000175a       0x24 ./library/MCAL/UART/UART_program.o
                0x0000175a                UART_voidSetReceiveCallBack
 .text.UART_voidSetTransmissionCallBack
                0x0000177e       0x24 ./library/MCAL/UART/UART_program.o
                0x0000177e                UART_voidSetTransmissionCallBack
 .text.UART_voidSetDataRegisterEmptyCallBack
                0x000017a2       0x24 ./library/MCAL/UART/UART_program.o
                0x000017a2                UART_voidSetDataRegisterEmptyCallBack
 .text.__vector_13
                0x000017c6       0x66 ./library/MCAL/UART/UART_program.o
                0x000017c6                __vector_13
 .text.__vector_15
                0x0000182c       0x66 ./library/MCAL/UART/UART_program.o
                0x0000182c                __vector_15
 .text.__vector_14
                0x00001892       0x66 ./library/MCAL/UART/UART_program.o
                0x00001892                __vector_14
 .text.TWI_voidInitMaster
                0x000018f8       0x64 ./library/MCAL/TWI/TWI_program.o
                0x000018f8                TWI_voidInitMaster
 .text.TWI_voidInitSlave
                0x0000195c       0x3a ./library/MCAL/TWI/TWI_program.o
                0x0000195c                TWI_voidInitSlave
 .text.TWI_ErrorStatusSendStartConditionWithACK
                0x00001996       0x54 ./library/MCAL/TWI/TWI_program.o
                0x00001996                TWI_ErrorStatusSendStartConditionWithACK
 .text.TWI_ErrorStatusSendRepeatedStartConditionWithACK
                0x000019ea       0x46 ./library/MCAL/TWI/TWI_program.o
                0x000019ea                TWI_ErrorStatusSendRepeatedStartConditionWithACK
 .text.TWI_ErrorStatusSendSlaveAddressWithWriteACK
                0x00001a30       0x70 ./library/MCAL/TWI/TWI_program.o
                0x00001a30                TWI_ErrorStatusSendSlaveAddressWithWriteACK
 .text.TWI_ErrorStatusSendSlaveAddressWithReadACK
                0x00001aa0       0x70 ./library/MCAL/TWI/TWI_program.o
                0x00001aa0                TWI_ErrorStatusSendSlaveAddressWithReadACK
 .text.TWI_ErrorStatusMasterWriteDataByteWithACK
                0x00001b10       0x52 ./library/MCAL/TWI/TWI_program.o
                0x00001b10                TWI_ErrorStatusMasterWriteDataByteWithACK
 .text.TWI_ErrorStatusMasterReadDataByteWithACK
                0x00001b62       0x5e ./library/MCAL/TWI/TWI_program.o
                0x00001b62                TWI_ErrorStatusMasterReadDataByteWithACK
 .text.TWI_voidSendStopCondition
                0x00001bc0       0x2a ./library/MCAL/TWI/TWI_program.o
                0x00001bc0                TWI_voidSendStopCondition
 .text.TWI_ErrorStatusMasterReadDataByteWithNACK
                0x00001bea       0x7a ./library/MCAL/TWI/TWI_program.o
                0x00001bea                TWI_ErrorStatusMasterReadDataByteWithNACK
 .text.TIM0_voidPWMInit
                0x00001c64       0x24 ./library/MCAL/TIM/TIM_program.o
                0x00001c64                TIM0_voidPWMInit
 .text.TIM0_voidInit
                0x00001c88       0x1a ./library/MCAL/TIM/TIM_program.o
                0x00001c88                TIM0_voidInit
 .text.TIM0_voidSetWaveFormGenMode
                0x00001ca2       0xce ./library/MCAL/TIM/TIM_program.o
                0x00001ca2                TIM0_voidSetWaveFormGenMode
 .text.TIM0_voidSetOCR0
                0x00001d70       0x1c ./library/MCAL/TIM/TIM_program.o
                0x00001d70                TIM0_voidSetOCR0
 .text.TIM0_voidSetOutputCompareMode
                0x00001d8c       0x38 ./library/MCAL/TIM/TIM_program.o
                0x00001d8c                TIM0_voidSetOutputCompareMode
 .text.TIM0_voidSetPrescaler
                0x00001dc4       0x28 ./library/MCAL/TIM/TIM_program.o
                0x00001dc4                TIM0_voidSetPrescaler
 .text.TIM0_voidSetTCNT0Val
                0x00001dec       0x1c ./library/MCAL/TIM/TIM_program.o
                0x00001dec                TIM0_voidSetTCNT0Val
 .text.TIM0_u8GetTCNT0Val
                0x00001e08       0x14 ./library/MCAL/TIM/TIM_program.o
                0x00001e08                TIM0_u8GetTCNT0Val
 .text.TIM0_voidEnableOverFlowInterrupt
                0x00001e1c       0x1c ./library/MCAL/TIM/TIM_program.o
                0x00001e1c                TIM0_voidEnableOverFlowInterrupt
 .text.TIM0_voidDisableOverFlowInterrupt
                0x00001e38       0x1c ./library/MCAL/TIM/TIM_program.o
                0x00001e38                TIM0_voidDisableOverFlowInterrupt
 .text.TIM0_voidEnableCompareMatchInterrupt
                0x00001e54       0x1c ./library/MCAL/TIM/TIM_program.o
                0x00001e54                TIM0_voidEnableCompareMatchInterrupt
 .text.TIM0_voidDisableCompareMatchInterrupt
                0x00001e70       0x1c ./library/MCAL/TIM/TIM_program.o
                0x00001e70                TIM0_voidDisableCompareMatchInterrupt
 .text.TIM0_voidSetOverFlowCallBack
                0x00001e8c       0x24 ./library/MCAL/TIM/TIM_program.o
                0x00001e8c                TIM0_voidSetOverFlowCallBack
 .text.TIM0_voidSetCompareMatchCallBack
                0x00001eb0       0x24 ./library/MCAL/TIM/TIM_program.o
                0x00001eb0                TIM0_voidSetCompareMatchCallBack
 .text.__vector_10
                0x00001ed4       0x66 ./library/MCAL/TIM/TIM_program.o
                0x00001ed4                __vector_10
 .text.__vector_11
                0x00001f3a       0x66 ./library/MCAL/TIM/TIM_program.o
                0x00001f3a                __vector_11
 .text.TIM1_voidInit
                0x00001fa0       0x1a ./library/MCAL/TIM/TIM_program.o
                0x00001fa0                TIM1_voidInit
 .text.TIM1_voidPWMInit
                0x00001fba       0x2e ./library/MCAL/TIM/TIM_program.o
                0x00001fba                TIM1_voidPWMInit
 .text.TIM1_voidSetOutputCompareMode
                0x00001fe8       0x8c ./library/MCAL/TIM/TIM_program.o
                0x00001fe8                TIM1_voidSetOutputCompareMode
 .text.TIM1_voidSetWaveFormGenMode
                0x00002074       0x4a ./library/MCAL/TIM/TIM_program.o
                0x00002074                TIM1_voidSetWaveFormGenMode
 .text.TIM1_voidSetPrescaler
                0x000020be       0x28 ./library/MCAL/TIM/TIM_program.o
                0x000020be                TIM1_voidSetPrescaler
 .text.TIM1_voidSetOCR1A
                0x000020e6       0x2e ./library/MCAL/TIM/TIM_program.o
                0x000020e6                TIM1_voidSetOCR1A
 .text.TIM1_voidSetOCR1B
                0x00002114       0x2e ./library/MCAL/TIM/TIM_program.o
                0x00002114                TIM1_voidSetOCR1B
 .text.TIM1_voidSetTCNT1Val
                0x00002142       0x2e ./library/MCAL/TIM/TIM_program.o
                0x00002142                TIM1_voidSetTCNT1Val
 .text.TIM1_u16GetTCNT1Val
                0x00002170       0x40 ./library/MCAL/TIM/TIM_program.o
                0x00002170                TIM1_u16GetTCNT1Val
 .text.TIM1_voidSetICR1
                0x000021b0       0x2e ./library/MCAL/TIM/TIM_program.o
                0x000021b0                TIM1_voidSetICR1
 .text.TIM1_u16GetICR1Val
                0x000021de       0x40 ./library/MCAL/TIM/TIM_program.o
                0x000021de                TIM1_u16GetICR1Val
 .text.TIM1_voidEnableInputCaptureNoiseCanceler
                0x0000221e       0x1c ./library/MCAL/TIM/TIM_program.o
                0x0000221e                TIM1_voidEnableInputCaptureNoiseCanceler
 .text.TIM1_voidDisableInputCaptureNoiseCanceler
                0x0000223a       0x1c ./library/MCAL/TIM/TIM_program.o
                0x0000223a                TIM1_voidDisableInputCaptureNoiseCanceler
 .text.TIM1_voidSetInputCaptureCEdge
                0x00002256       0x38 ./library/MCAL/TIM/TIM_program.o
                0x00002256                TIM1_voidSetInputCaptureCEdge
 .text.TIM1_voidEnableInputCaptureInterrupt
                0x0000228e       0x1c ./library/MCAL/TIM/TIM_program.o
                0x0000228e                TIM1_voidEnableInputCaptureInterrupt
 .text.TIM1_voidDisableInputCaptureInterrupt
                0x000022aa       0x1c ./library/MCAL/TIM/TIM_program.o
                0x000022aa                TIM1_voidDisableInputCaptureInterrupt
 .text.TIM1_voidEnableOCMatchAInterrupt
                0x000022c6       0x1c ./library/MCAL/TIM/TIM_program.o
                0x000022c6                TIM1_voidEnableOCMatchAInterrupt
 .text.TIM1_voidDisableOCMatchAInterrupt
                0x000022e2       0x1c ./library/MCAL/TIM/TIM_program.o
                0x000022e2                TIM1_voidDisableOCMatchAInterrupt
 .text.TIM1_voidEnableOCMatchBInterrupt
                0x000022fe       0x1c ./library/MCAL/TIM/TIM_program.o
                0x000022fe                TIM1_voidEnableOCMatchBInterrupt
 .text.TIM1_voidDisableOCMatchBInterrupt
                0x0000231a       0x1c ./library/MCAL/TIM/TIM_program.o
                0x0000231a                TIM1_voidDisableOCMatchBInterrupt
 .text.TIM1_voidEnableOverFlowInterrupt
                0x00002336       0x1c ./library/MCAL/TIM/TIM_program.o
                0x00002336                TIM1_voidEnableOverFlowInterrupt
 .text.TIM1_voidDisableOverFlowInterrupt
                0x00002352       0x1c ./library/MCAL/TIM/TIM_program.o
                0x00002352                TIM1_voidDisableOverFlowInterrupt
 .text.TIM1_voidSetInputCaptureCallBack
                0x0000236e       0x24 ./library/MCAL/TIM/TIM_program.o
                0x0000236e                TIM1_voidSetInputCaptureCallBack
 .text.TIM1_voidSetOCMatchACallBack
                0x00002392       0x24 ./library/MCAL/TIM/TIM_program.o
                0x00002392                TIM1_voidSetOCMatchACallBack
 .text.TIM1_voidSetOCMatchBCallBack
                0x000023b6       0x24 ./library/MCAL/TIM/TIM_program.o
                0x000023b6                TIM1_voidSetOCMatchBCallBack
 .text.TIM1_voidSetOverFlowCallBack
                0x000023da       0x24 ./library/MCAL/TIM/TIM_program.o
                0x000023da                TIM1_voidSetOverFlowCallBack
 .text.__vector_6
                0x000023fe       0x66 ./library/MCAL/TIM/TIM_program.o
                0x000023fe                __vector_6
 .text.__vector_7
                0x00002464       0x66 ./library/MCAL/TIM/TIM_program.o
                0x00002464                __vector_7
 .text.__vector_8
                0x000024ca       0x66 ./library/MCAL/TIM/TIM_program.o
                0x000024ca                __vector_8
 .text.__vector_9
                0x00002530       0x66 ./library/MCAL/TIM/TIM_program.o
                0x00002530                __vector_9
 .text.TIM2_voidPWMInit
                0x00002596       0x24 ./library/MCAL/TIM/TIM_program.o
                0x00002596                TIM2_voidPWMInit
 .text.TIM2_voidInit
                0x000025ba       0x1a ./library/MCAL/TIM/TIM_program.o
                0x000025ba                TIM2_voidInit
 .text.TIM2_voidSetWaveFormGenMode
                0x000025d4       0xce ./library/MCAL/TIM/TIM_program.o
                0x000025d4                TIM2_voidSetWaveFormGenMode
 .text.TIM2_voidSetOCR2
                0x000026a2       0x1c ./library/MCAL/TIM/TIM_program.o
                0x000026a2                TIM2_voidSetOCR2
 .text.TIM2_voidSetOutputCompareMode
                0x000026be       0x38 ./library/MCAL/TIM/TIM_program.o
                0x000026be                TIM2_voidSetOutputCompareMode
 .text.TIM2_voidSetPrescaler
                0x000026f6       0x28 ./library/MCAL/TIM/TIM_program.o
                0x000026f6                TIM2_voidSetPrescaler
 .text.TIM2_voidSetTCNT2Val
                0x0000271e       0x1c ./library/MCAL/TIM/TIM_program.o
                0x0000271e                TIM2_voidSetTCNT2Val
 .text.TIM2_u8GetTCNT2Val
                0x0000273a       0x14 ./library/MCAL/TIM/TIM_program.o
                0x0000273a                TIM2_u8GetTCNT2Val
 .text.TIM2_voidEnableOverFlowInterrupt
                0x0000274e       0x1c ./library/MCAL/TIM/TIM_program.o
                0x0000274e                TIM2_voidEnableOverFlowInterrupt
 .text.TIM2_voidDisableOverFlowInterrupt
                0x0000276a       0x1c ./library/MCAL/TIM/TIM_program.o
                0x0000276a                TIM2_voidDisableOverFlowInterrupt
 .text.TIM2_voidEnableCompareMatchInterrupt
                0x00002786       0x1c ./library/MCAL/TIM/TIM_program.o
                0x00002786                TIM2_voidEnableCompareMatchInterrupt
 .text.TIM2_voidDisableCompareMatchInterrupt
                0x000027a2       0x1c ./library/MCAL/TIM/TIM_program.o
                0x000027a2                TIM2_voidDisableCompareMatchInterrupt
 .text.TIM2_voidSetOverFlowCallBack
                0x000027be       0x24 ./library/MCAL/TIM/TIM_program.o
                0x000027be                TIM2_voidSetOverFlowCallBack
 .text.TIM2_voidSetCompareMatchCallBack
                0x000027e2       0x24 ./library/MCAL/TIM/TIM_program.o
                0x000027e2                TIM2_voidSetCompareMatchCallBack
 .text.__vector_4
                0x00002806       0x66 ./library/MCAL/TIM/TIM_program.o
                0x00002806                __vector_4
 .text.__vector_5
                0x0000286c       0x66 ./library/MCAL/TIM/TIM_program.o
                0x0000286c                __vector_5
 .text.SPI_VOID_INIT
                0x000028d2       0xea ./library/MCAL/SPI/SPI_program.o
                0x000028d2                SPI_VOID_INIT
 .text.SPI_TransRecieve
                0x000029bc       0x2c ./library/MCAL/SPI/SPI_program.o
                0x000029bc                SPI_TransRecieve
 .text.SPI_u8IsTransferComplete
                0x000029e8       0x24 ./library/MCAL/SPI/SPI_program.o
                0x000029e8                SPI_u8IsTransferComplete
 .text.PWR_voidInit
                0x00002a0c       0x22 ./library/MCAL/PWR/PWR_program.o
                0x00002a0c                PWR_voidInit
 .text.PWR_voidSetPowerMode
                0x00002a2e       0x38 ./library/MCAL/PWR/PWR_program.o
                0x00002a2e                PWR_voidSetPowerMode
 .text.PWR_voidSleep
                0x00002a66       0x10 ./library/MCAL/PWR/PWR_program.o
                0x00002a66                PWR_voidSleep
 .text.GPI_voidInit
                0x00002a76       0x12 ./library/MCAL/GPI/GPI_program.o
                0x00002a76                GPI_voidInit
 .text.GPI_voidEnable
                0x00002a88       0x1c ./library/MCAL/GPI/GPI_program.o
                0x00002a88                GPI_voidEnable
 .text.GPI_voidDisable
                0x00002aa4       0x1c ./library/MCAL/GPI/GPI_program.o
                0x00002aa4                GPI_voidDisable
 .text.EXTI_voidEXTIEnable
                0x00002ac0      0x266 ./library/MCAL/EXTI/EXTI_program.o
                0x00002ac0                EXTI_voidEXTIEnable
 .text.EXTI_voidEXTIDisable
                0x00002d26       0x86 ./library/MCAL/EXTI/EXTI_program.o
                0x00002d26                EXTI_voidEXTIDisable
 .text.EXTI_voidSetCallBack
                0x00002dac       0x36 ./library/MCAL/EXTI/EXTI_program.o
                0x00002dac                EXTI_voidSetCallBack
 .text.__vector_1
                0x00002de2       0x66 ./library/MCAL/EXTI/EXTI_program.o
                0x00002de2                __vector_1
 .text.__vector_2
                0x00002e48       0x66 ./library/MCAL/EXTI/EXTI_program.o
                0x00002e48                __vector_2
 .text.__vector_3
                0x00002eae       0x66 ./library/MCAL/EXTI/EXTI_program.o
                0x00002eae                __vector_3
 .text.DIO_voidInit
                0x00002f14       0x3e ./library/MCAL/DIO/DIO_program.o
                0x00002f14                DIO_voidInit
 .text.DIO_u8SetPinDirection
                0x00002f52      0x254 ./library/MCAL/DIO/DIO_program.o
                0x00002f52                DIO_u8SetPinDirection
 .text.DIO_u8SetPinValue
                0x000031a6      0x24c ./library/MCAL/DIO/DIO_program.o
                0x000031a6                DIO_u8SetPinValue
 .text.DIO_u8GetPinValue
                0x000033f2      0x100 ./library/MCAL/DIO/DIO_program.o
                0x000033f2                DIO_u8GetPinValue
 .text.DIO_u8SetPortDirection
                0x000034f2      0x13e ./library/MCAL/DIO/DIO_program.o
                0x000034f2                DIO_u8SetPortDirection
 .text.DIO_u8SetPortValue
                0x00003630       0x90 ./library/MCAL/DIO/DIO_program.o
                0x00003630                DIO_u8SetPortValue
 .text.DIO_u8GetPortValue
                0x000036c0       0xb0 ./library/MCAL/DIO/DIO_program.o
                0x000036c0                DIO_u8GetPortValue
 .text.DIO_u8TogglePinValue
                0x00003770      0x114 ./library/MCAL/DIO/DIO_program.o
                0x00003770                DIO_u8TogglePinValue
 .text.ADC_voidInit
                0x00003884       0x4c ./library/MCAL/ADC/ADC_program.o
                0x00003884                ADC_voidInit
 .text.ADC_voidSetPrescalar
                0x000038d0       0x28 ./library/MCAL/ADC/ADC_program.o
                0x000038d0                ADC_voidSetPrescalar
 .text.ADC_voidSetReferenceVoltage
                0x000038f8       0x3e ./library/MCAL/ADC/ADC_program.o
                0x000038f8                ADC_voidSetReferenceVoltage
 .text.ADC_u16StartConvWaitRead
                0x00003936       0x54 ./library/MCAL/ADC/ADC_program.o
                0x00003936                ADC_u16StartConvWaitRead
 .text.ADC_voidStartConversion
                0x0000398a       0x50 ./library/MCAL/ADC/ADC_program.o
                0x0000398a                ADC_voidStartConversion
 .text.ADC_u16Read
                0x000039da       0x38 ./library/MCAL/ADC/ADC_program.o
                0x000039da                ADC_u16Read
 .text.ADC_voidSetAutoTriggerSource
                0x00003a12       0x3c ./library/MCAL/ADC/ADC_program.o
                0x00003a12                ADC_voidSetAutoTriggerSource
 .text.ADC_voidEnableTriggerSource
                0x00003a4e       0x1c ./library/MCAL/ADC/ADC_program.o
                0x00003a4e                ADC_voidEnableTriggerSource
 .text.ADC_voidDisableTriggerSource
                0x00003a6a       0x1c ./library/MCAL/ADC/ADC_program.o
                0x00003a6a                ADC_voidDisableTriggerSource
 .text.ADC_voidSetCallBack
                0x00003a86       0x24 ./library/MCAL/ADC/ADC_program.o
                0x00003a86                ADC_voidSetCallBack
 .text.ADC_voidEnableInterrupt
                0x00003aaa       0x1c ./library/MCAL/ADC/ADC_program.o
                0x00003aaa                ADC_voidEnableInterrupt
 .text.ADC_voidDisableInterrupt
                0x00003ac6       0x1c ./library/MCAL/ADC/ADC_program.o
                0x00003ac6                ADC_voidDisableInterrupt
 .text.__vector_16
                0x00003ae2       0x66 ./library/MCAL/ADC/ADC_program.o
                0x00003ae2                __vector_16
 .text.delay_ms
                0x00003b48       0x9c ./library/LIB/delay.o
                0x00003b48                delay_ms
 .text.USS_measureDistance
                0x00003be4      0x154 ./library/HAL/USS/USS_program.o
                0x00003be4                USS_measureDistance
 .text.USS_triggerSensor
                0x00003d38      0x1b6 ./library/HAL/USS/USS_program.o
                0x00003d38                USS_triggerSensor
 .text.USS_voidInit
                0x00003eee       0x5c ./library/HAL/USS/USS_program.o
                0x00003eee                USS_voidInit
 .text.USS_f32GetDistance
                0x00003f4a      0x104 ./library/HAL/USS/USS_program.o
                0x00003f4a                USS_f32GetDistance
 .text.StepperMotor_voidInit
                0x0000404e       0x5e ./library/HAL/StepperMotor/StepperMotor_program.o
                0x0000404e                StepperMotor_voidInit
 .text.StepperMotor_u8MoveMotor
                0x000040ac      0x1ae ./library/HAL/StepperMotor/StepperMotor_program.o
                0x000040ac                StepperMotor_u8MoveMotor
 .text.StepperMotor_u8MoveMotorSteps
                0x0000425a      0x19a ./library/HAL/StepperMotor/StepperMotor_program.o
                0x0000425a                StepperMotor_u8MoveMotorSteps
 .text.SSD_voidINIT
                0x000043f4       0x1e ./library/HAL/SSD/SSD_program.o
                0x000043f4                SSD_voidINIT
 .text.SSD_u8Write
                0x00004412       0x7a ./library/HAL/SSD/SSD_program.o
                0x00004412                SSD_u8Write
 .text.SSD_u8Enable
                0x0000448c       0x1a ./library/HAL/SSD/SSD_program.o
                0x0000448c                SSD_u8Enable
 .text.SSD_u8Disable
                0x000044a6       0x1a ./library/HAL/SSD/SSD_program.o
                0x000044a6                SSD_u8Disable
 .text.SERVO_voidInit
                0x000044c0       0x20 ./library/HAL/SERVO/SERVO_program.o
                0x000044c0                SERVO_voidInit
 .text.SERVO_voidMoveAngle
                0x000044e0       0x82 ./library/HAL/SERVO/SERVO_program.o
                0x000044e0                SERVO_voidMoveAngle
 .text.LCD_voidInit
                0x00004562       0x8e ./library/HAL/LCD/LCD_program.o
                0x00004562                LCD_voidInit
 .text.LCD_voidSendInstruction
                0x000045f0       0x50 ./library/HAL/LCD/LCD_program.o
                0x000045f0                LCD_voidSendInstruction
 .text.LCD_voidWriteChar
                0x00004640       0x50 ./library/HAL/LCD/LCD_program.o
                0x00004640                LCD_voidWriteChar
 .text.LCD_voidSetPos
                0x00004690       0x3c ./library/HAL/LCD/LCD_program.o
                0x00004690                LCD_voidSetPos
 .text.LCD_voidPrintStr
                0x000046cc       0xec ./library/HAL/LCD/LCD_program.o
                0x000046cc                LCD_voidPrintStr
 .text.LCD_voidShiftRightDisplay
                0x000047b8       0x14 ./library/HAL/LCD/LCD_program.o
                0x000047b8                LCD_voidShiftRightDisplay
 .text.LCD_voidShiftLeftDisplay
                0x000047cc       0x14 ./library/HAL/LCD/LCD_program.o
                0x000047cc                LCD_voidShiftLeftDisplay
 .text.LCD_voidWriteInteger
                0x000047e0      0x13e ./library/HAL/LCD/LCD_program.o
                0x000047e0                LCD_voidWriteInteger
 .text.LCD_voidWriteFraction
                0x0000491e      0x142 ./library/HAL/LCD/LCD_program.o
                0x0000491e                LCD_voidWriteFraction
 .text.LCD_voidWriteNumber
                0x00004a60       0xf8 ./library/HAL/LCD/LCD_program.o
                0x00004a60                LCD_voidWriteNumber
 .text.KPD_voidINIT
                0x00004b58       0xba ./library/HAL/KPD/KPD_program.o
                0x00004b58                KPD_voidINIT
 .text.KPD_u8ReadKey
                0x00004c12      0x13c ./library/HAL/KPD/KPD_program.o
                0x00004c12                KPD_u8ReadKey
 .text.KPD_u8WaitAndReadKey
                0x00004d4e      0x15c ./library/HAL/KPD/KPD_program.o
                0x00004d4e                KPD_u8WaitAndReadKey
 .text.KPD_u8SetLayout
                0x00004eaa       0x20 ./library/HAL/KPD/KPD_program.o
                0x00004eaa                KPD_u8SetLayout
 .text.KPD_u8ToggleLayout
                0x00004eca       0x38 ./library/HAL/KPD/KPD_program.o
                0x00004eca                KPD_u8ToggleLayout
 .text.IR_voidInit
                0x00004f02       0x14 ./library/HAL/IR/IR_program.o
                0x00004f02                IR_voidInit
 .text.IR_voidEnable
                0x00004f16       0x1c ./library/HAL/IR/IR_program.o
                0x00004f16                IR_voidEnable
 .text.IR_voidDisable
                0x00004f32       0x1a ./library/HAL/IR/IR_program.o
                0x00004f32                IR_voidDisable
 .text.IR_voidSetCallBack
                0x00004f4c       0x28 ./library/HAL/IR/IR_program.o
                0x00004f4c                IR_voidSetCallBack
 .text.GamePad_ButtonPressed
                0x00004f74      0x1b2 ./library/HAL/GamePad/GamePad_program.o
                0x00004f74                GamePad_ButtonPressed
 .text.GamePad_JoyStickMoved
                0x00005126      0x1b6 ./library/HAL/GamePad/GamePad_program.o
                0x00005126                GamePad_JoyStickMoved
 .text.EEPROM_voidSendDataByte
                0x000052dc      0x136 ./library/HAL/EEPROM/EEPROM_Program.o
                0x000052dc                EEPROM_voidSendDataByte
 .text.EEPROM_u8ReadDataByte
                0x00005412       0x5e ./library/HAL/EEPROM/EEPROM_Program.o
                0x00005412                EEPROM_u8ReadDataByte
 .text.DSC_voidInit
                0x00005470       0x86 ./library/HAL/DSC/DSC_program.o
                0x00005470                DSC_voidInit
 .text.DSC_voidSetDirectionAndRPM
                0x000054f6      0x12e ./library/HAL/DSC/DSC_program.o
                0x000054f6                DSC_voidSetDirectionAndRPM
 .text.DSC_voidStop
                0x00005624       0x36 ./library/HAL/DSC/DSC_program.o
                0x00005624                DSC_voidStop
 .text.RC_SYSTEM_ReceiveISR
                0x0000565a       0x98 ./library/APP/RC_SYSTEM/RC_SYSTEM_program.o
                0x0000565a                RC_SYSTEM_ReceiveISR
 .text.RC_SYSTEM_voidInit
                0x000056f2       0x2e ./library/APP/RC_SYSTEM/RC_SYSTEM_program.o
                0x000056f2                RC_SYSTEM_voidInit
 .text.RC_SYSTEM_voidStart
                0x00005720       0x20 ./library/APP/RC_SYSTEM/RC_SYSTEM_program.o
                0x00005720                RC_SYSTEM_voidStart
 .text.MAN_voidInit
                0x00005740       0x1e ./library/APP/MAN/MAN_program.o
                0x00005740                MAN_voidInit
 .text.MAN_voidStart
                0x0000575e      0x15e ./library/APP/MAN/MAN_program.o
                0x0000575e                MAN_voidStart
 .text.CRTOS_voidMSDelay
                0x000058bc       0x28 ./library/APP/CRTOS/CRTOS_program.o
                0x000058bc                CRTOS_voidMSDelay
 .text.CRTOS_voidInit
                0x000058e4       0x1e ./library/APP/CRTOS/CRTOS_program.o
                0x000058e4                CRTOS_voidInit
 .text.CRTOS_voidCreateTask
                0x00005902       0xd2 ./library/APP/CRTOS/CRTOS_program.o
                0x00005902                CRTOS_voidCreateTask
 .text.CRTOS_voidSH
                0x000059d4      0x16a ./library/APP/CRTOS/CRTOS_program.o
                0x000059d4                CRTOS_voidSH
 .text.CRTOS_voidSuspendTask
                0x00005b3e       0x36 ./library/APP/CRTOS/CRTOS_program.o
                0x00005b3e                CRTOS_voidSuspendTask
 .text.CRTOS_voidMakeTaskReady
                0x00005b74       0x36 ./library/APP/CRTOS/CRTOS_program.o
                0x00005b74                CRTOS_voidMakeTaskReady
 .text.CRTOS_voidDeleteTask
                0x00005baa      0x1cc ./library/APP/CRTOS/CRTOS_program.o
                0x00005baa                CRTOS_voidDeleteTask
 .text.AUTO_voidReCenter
                0x00005d76       0x1e ./library/APP/AUTO/AUTO_program.o
                0x00005d76                AUTO_voidReCenter
 .text.AUTO_voidInit
                0x00005d94       0x3a ./library/APP/AUTO/AUTO_program.o
                0x00005d94                AUTO_voidInit
 .text.AUTO_voidStart
                0x00005dce       0x40 ./library/APP/AUTO/AUTO_program.o
                0x00005dce                AUTO_voidStart
 .text.AUTO_voidAvoidObstacle
                0x00005e0e      0x128 ./library/APP/AUTO/AUTO_program.o
                0x00005e0e                AUTO_voidAvoidObstacle
 .text.AUTO_voidGoToClearSide
                0x00005f36       0x14 ./library/APP/AUTO/AUTO_program.o
                0x00005f36                AUTO_voidGoToClearSide
 .text.tim0isr  0x00005f4a       0x3c ./library/APP/AUTO/AUTO_program.o
                0x00005f4a                tim0isr
 .text.AUTO_voidIRen
                0x00005f86       0x1a ./library/APP/AUTO/AUTO_program.o
                0x00005f86                AUTO_voidIRen
 .text.AUTO_voidIRdis
                0x00005fa0       0x1a ./library/APP/AUTO/AUTO_program.o
                0x00005fa0                AUTO_voidIRdis
 .text.AUTO_voidIr0
                0x00005fba       0x26 ./library/APP/AUTO/AUTO_program.o
                0x00005fba                AUTO_voidIr0
 .text.AUTO_voidIr1
                0x00005fe0       0x26 ./library/APP/AUTO/AUTO_program.o
                0x00005fe0                AUTO_voidIr1
 .text.main     0x00006006        0xe ./main.o
                0x00006006                main
 .text.libgcc   0x00006014       0x3e c:/imt_sdk_win_64/winavr/bin/../lib/gcc/avr/4.3.3/avr5\libgcc.a(_mulsi3.o)
                0x00006014                __mulsi3
 .text.libgcc   0x00006052       0x44 c:/imt_sdk_win_64/winavr/bin/../lib/gcc/avr/4.3.3/avr5\libgcc.a(_udivmodsi4.o)
                0x00006052                __udivmodsi4
 .text.libgcc   0x00006096        0x0 c:/imt_sdk_win_64/winavr/bin/../lib/gcc/avr/4.3.3/avr5\libgcc.a(_exit.o)
 .text.libgcc   0x00006096        0x0 c:/imt_sdk_win_64/winavr/bin/../lib/gcc/avr/4.3.3/avr5\libgcc.a(_copy_data.o)
 .text.libgcc   0x00006096        0x0 c:/imt_sdk_win_64/winavr/bin/../lib/gcc/avr/4.3.3/avr5\libgcc.a(_clear_bss.o)
 .text.libgcc   0x00006096       0x38 c:/imt_sdk_win_64/winavr/bin/../lib/gcc/avr/4.3.3/avr5\libgcc.a(_prologue.o)
                0x00006096                __prologue_saves__
 .text.libgcc   0x000060ce       0x36 c:/imt_sdk_win_64/winavr/bin/../lib/gcc/avr/4.3.3/avr5\libgcc.a(_epilogue.o)
                0x000060ce                __epilogue_restores__
                0x00006104                . = ALIGN (0x2)
 *(.fini9)
 .fini9         0x00006104        0x0 c:/imt_sdk_win_64/winavr/bin/../lib/gcc/avr/4.3.3/avr5\libgcc.a(_exit.o)
                0x00006104                exit
                0x00006104                _exit
 *(.fini9)
 *(.fini8)
 *(.fini8)
 *(.fini7)
 *(.fini7)
 *(.fini6)
 *(.fini6)
 *(.fini5)
 *(.fini5)
 *(.fini4)
 *(.fini4)
 *(.fini3)
 *(.fini3)
 *(.fini2)
 *(.fini2)
 *(.fini1)
 *(.fini1)
 *(.fini0)
 .fini0         0x00006104        0x4 c:/imt_sdk_win_64/winavr/bin/../lib/gcc/avr/4.3.3/avr5\libgcc.a(_exit.o)
 *(.fini0)
                0x00006108                _etext = .

.data           0x00800060      0x172 load address 0x00006108
                0x00800060                PROVIDE (__data_start, .)
 *(.data)
 .data          0x00800060        0x0 c:/imt_sdk_win_64/winavr/bin/../lib/gcc/avr/4.3.3/../../../../avr/lib/avr5/crtm32.o
 .data          0x00800060        0x0 ./library/MCAL/WD/WD_program.o
 .data          0x00800060        0x0 ./library/MCAL/UART/UART_program.o
 .data          0x00800060        0x0 ./library/MCAL/TWI/TWI_program.o
 .data          0x00800060        0x0 ./library/MCAL/TIM/TIM_program.o
 .data          0x00800060        0x0 ./library/MCAL/SPI/SPI_program.o
 .data          0x00800060        0x0 ./library/MCAL/PWR/PWR_program.o
 .data          0x00800060        0x0 ./library/MCAL/GPI/GPI_program.o
 .data          0x00800060        0x0 ./library/MCAL/EXTI/EXTI_program.o
 .data          0x00800060        0x0 ./library/MCAL/DIO/DIO_program.o
 .data          0x00800060        0x0 ./library/MCAL/ADC/ADC_program.o
 .data          0x00800060        0x0 ./library/LIB/delay.o
 .data          0x00800060        0x0 ./library/HAL/USS/USS_program.o
 .data          0x00800060        0x0 ./library/HAL/StepperMotor/StepperMotor_program.o
 .data          0x00800060        0x0 ./library/HAL/SSD/SSD_program.o
 .data          0x00800060        0x0 ./library/HAL/SERVO/SERVO_program.o
 .data          0x00800060        0x0 ./library/HAL/LCD/LCD_program.o
 .data          0x00800060        0x0 ./library/HAL/KPD/KPD_program.o
 .data          0x00800060        0x0 ./library/HAL/IR/IR_program.o
 .data          0x00800060        0x0 ./library/HAL/GamePad/GamePad_program.o
 .data          0x00800060        0x0 ./library/HAL/EEPROM/EEPROM_Program.o
 .data          0x00800060        0x0 ./library/HAL/DSC/DSC_program.o
 .data          0x00800060        0x0 ./library/APP/RC_SYSTEM/RC_SYSTEM_program.o
 .data          0x00800060        0x0 ./library/APP/MAN/MAN_program.o
 .data          0x00800060        0x0 ./library/APP/CRTOS/CRTOS_program.o
 .data          0x00800060        0x0 ./library/APP/AUTO/AUTO_program.o
 .data          0x00800060        0x0 ./main.o
 .data          0x00800060        0x0 c:/imt_sdk_win_64/winavr/bin/../lib/gcc/avr/4.3.3/avr5\libgcc.a(_mulsi3.o)
 .data          0x00800060        0x0 c:/imt_sdk_win_64/winavr/bin/../lib/gcc/avr/4.3.3/avr5\libgcc.a(_udivmodsi4.o)
 .data          0x00800060        0x0 c:/imt_sdk_win_64/winavr/bin/../lib/gcc/avr/4.3.3/avr5\libgcc.a(_exit.o)
 .data          0x00800060        0x0 c:/imt_sdk_win_64/winavr/bin/../lib/gcc/avr/4.3.3/avr5\libgcc.a(_copy_data.o)
 .data          0x00800060        0x0 c:/imt_sdk_win_64/winavr/bin/../lib/gcc/avr/4.3.3/avr5\libgcc.a(_clear_bss.o)
 .data          0x00800060        0x0 c:/imt_sdk_win_64/winavr/bin/../lib/gcc/avr/4.3.3/avr5\libgcc.a(_fixunssfsi.o)
 .data          0x00800060        0x0 c:/imt_sdk_win_64/winavr/bin/../lib/gcc/avr/4.3.3/avr5\libgcc.a(_addsub_sf.o)
 .data          0x00800060        0x0 c:/imt_sdk_win_64/winavr/bin/../lib/gcc/avr/4.3.3/avr5\libgcc.a(_mul_sf.o)
 .data          0x00800060        0x0 c:/imt_sdk_win_64/winavr/bin/../lib/gcc/avr/4.3.3/avr5\libgcc.a(_div_sf.o)
 .data          0x00800060        0x0 c:/imt_sdk_win_64/winavr/bin/../lib/gcc/avr/4.3.3/avr5\libgcc.a(_gt_sf.o)
 .data          0x00800060        0x0 c:/imt_sdk_win_64/winavr/bin/../lib/gcc/avr/4.3.3/avr5\libgcc.a(_ge_sf.o)
 .data          0x00800060        0x0 c:/imt_sdk_win_64/winavr/bin/../lib/gcc/avr/4.3.3/avr5\libgcc.a(_lt_sf.o)
 .data          0x00800060        0x0 c:/imt_sdk_win_64/winavr/bin/../lib/gcc/avr/4.3.3/avr5\libgcc.a(_si_to_sf.o)
 .data          0x00800060        0x0 c:/imt_sdk_win_64/winavr/bin/../lib/gcc/avr/4.3.3/avr5\libgcc.a(_sf_to_si.o)
 .data          0x00800060        0x8 c:/imt_sdk_win_64/winavr/bin/../lib/gcc/avr/4.3.3/avr5\libgcc.a(_thenan_sf.o)
                0x00800060                __thenan_sf
 .data          0x00800068        0x0 c:/imt_sdk_win_64/winavr/bin/../lib/gcc/avr/4.3.3/avr5\libgcc.a(_usi_to_sf.o)
 .data          0x00800068        0x0 c:/imt_sdk_win_64/winavr/bin/../lib/gcc/avr/4.3.3/avr5\libgcc.a(_prologue.o)
 .data          0x00800068        0x0 c:/imt_sdk_win_64/winavr/bin/../lib/gcc/avr/4.3.3/avr5\libgcc.a(_epilogue.o)
 .data          0x00800068        0x0 c:/imt_sdk_win_64/winavr/bin/../lib/gcc/avr/4.3.3/avr5\libgcc.a(_clzsi2.o)
 .data          0x00800068        0x0 c:/imt_sdk_win_64/winavr/bin/../lib/gcc/avr/4.3.3/avr5\libgcc.a(_pack_sf.o)
 .data          0x00800068        0x0 c:/imt_sdk_win_64/winavr/bin/../lib/gcc/avr/4.3.3/avr5\libgcc.a(_unpack_sf.o)
 .data          0x00800068        0x0 c:/imt_sdk_win_64/winavr/bin/../lib/gcc/avr/4.3.3/avr5\libgcc.a(_fpcmp_parts_sf.o)
 .data          0x00800068      0x100 c:/imt_sdk_win_64/winavr/bin/../lib/gcc/avr/4.3.3/avr5\libgcc.a(_clz.o)
                0x00800068                __clz_tab
 *(.data*)
 .data.SSD_Digits
                0x00800168       0x46 ./library/HAL/SSD/SSD_program.o
                0x00800168                SSD_Digits
 .data.KPD_Keys
                0x008001ae       0x10 ./library/HAL/KPD/KPD_program.o
                0x008001ae                KPD_Keys
 .data.KPD_Alphabets
                0x008001be       0x10 ./library/HAL/KPD/KPD_program.o
                0x008001be                KPD_Alphabets
 .data.lastButton
                0x008001ce        0x1 ./library/APP/RC_SYSTEM/RC_SYSTEM_program.o
                0x008001ce                lastButton
 .data.lastButtonState
                0x008001cf        0x1 ./library/APP/RC_SYSTEM/RC_SYSTEM_program.o
                0x008001cf                lastButtonState
 .data.AUTO_IR0state
                0x008001d0        0x1 ./library/APP/AUTO/AUTO_program.o
                0x008001d0                AUTO_IR0state
 .data.AUTO_IR1state
                0x008001d1        0x1 ./library/APP/AUTO/AUTO_program.o
                0x008001d1                AUTO_IR1state
 *(.rodata)
 *(.rodata*)
 *(.gnu.linkonce.d*)
                0x008001d2                . = ALIGN (0x2)
                0x008001d2                _edata = .
                0x008001d2                PROVIDE (__data_end, .)

.bss            0x008001d2       0x85
                0x008001d2                PROVIDE (__bss_start, .)
 *(.bss)
 .bss           0x008001d2        0x0 c:/imt_sdk_win_64/winavr/bin/../lib/gcc/avr/4.3.3/../../../../avr/lib/avr5/crtm32.o
 .bss           0x008001d2        0x0 ./library/MCAL/WD/WD_program.o
 .bss           0x008001d2        0x0 ./library/MCAL/UART/UART_program.o
 .bss           0x008001d2        0x0 ./library/MCAL/TWI/TWI_program.o
 .bss           0x008001d2        0x0 ./library/MCAL/TIM/TIM_program.o
 .bss           0x008001d2        0x0 ./library/MCAL/SPI/SPI_program.o
 .bss           0x008001d2        0x0 ./library/MCAL/PWR/PWR_program.o
 .bss           0x008001d2        0x0 ./library/MCAL/GPI/GPI_program.o
 .bss           0x008001d2        0x0 ./library/MCAL/EXTI/EXTI_program.o
 .bss           0x008001d2        0x0 ./library/MCAL/DIO/DIO_program.o
 .bss           0x008001d2        0x0 ./library/MCAL/ADC/ADC_program.o
 .bss           0x008001d2        0x0 ./library/LIB/delay.o
 .bss           0x008001d2        0x0 ./library/HAL/USS/USS_program.o
 .bss           0x008001d2        0x0 ./library/HAL/StepperMotor/StepperMotor_program.o
 .bss           0x008001d2        0x0 ./library/HAL/SSD/SSD_program.o
 .bss           0x008001d2        0x0 ./library/HAL/SERVO/SERVO_program.o
 .bss           0x008001d2        0x0 ./library/HAL/LCD/LCD_program.o
 .bss           0x008001d2        0x0 ./library/HAL/KPD/KPD_program.o
 .bss           0x008001d2        0x0 ./library/HAL/IR/IR_program.o
 .bss           0x008001d2        0x0 ./library/HAL/GamePad/GamePad_program.o
 .bss           0x008001d2        0x0 ./library/HAL/EEPROM/EEPROM_Program.o
 .bss           0x008001d2        0x0 ./library/HAL/DSC/DSC_program.o
 .bss           0x008001d2        0x0 ./library/APP/RC_SYSTEM/RC_SYSTEM_program.o
 .bss           0x008001d2        0x0 ./library/APP/MAN/MAN_program.o
 .bss           0x008001d2        0x0 ./library/APP/CRTOS/CRTOS_program.o
 .bss           0x008001d2        0x0 ./library/APP/AUTO/AUTO_program.o
 .bss           0x008001d2        0x0 ./main.o
 .bss           0x008001d2        0x0 c:/imt_sdk_win_64/winavr/bin/../lib/gcc/avr/4.3.3/avr5\libgcc.a(_mulsi3.o)
 .bss           0x008001d2        0x0 c:/imt_sdk_win_64/winavr/bin/../lib/gcc/avr/4.3.3/avr5\libgcc.a(_udivmodsi4.o)
 .bss           0x008001d2        0x0 c:/imt_sdk_win_64/winavr/bin/../lib/gcc/avr/4.3.3/avr5\libgcc.a(_exit.o)
 .bss           0x008001d2        0x0 c:/imt_sdk_win_64/winavr/bin/../lib/gcc/avr/4.3.3/avr5\libgcc.a(_copy_data.o)
 .bss           0x008001d2        0x0 c:/imt_sdk_win_64/winavr/bin/../lib/gcc/avr/4.3.3/avr5\libgcc.a(_clear_bss.o)
 .bss           0x008001d2        0x0 c:/imt_sdk_win_64/winavr/bin/../lib/gcc/avr/4.3.3/avr5\libgcc.a(_fixunssfsi.o)
 .bss           0x008001d2        0x0 c:/imt_sdk_win_64/winavr/bin/../lib/gcc/avr/4.3.3/avr5\libgcc.a(_addsub_sf.o)
 .bss           0x008001d2        0x0 c:/imt_sdk_win_64/winavr/bin/../lib/gcc/avr/4.3.3/avr5\libgcc.a(_mul_sf.o)
 .bss           0x008001d2        0x0 c:/imt_sdk_win_64/winavr/bin/../lib/gcc/avr/4.3.3/avr5\libgcc.a(_div_sf.o)
 .bss           0x008001d2        0x0 c:/imt_sdk_win_64/winavr/bin/../lib/gcc/avr/4.3.3/avr5\libgcc.a(_gt_sf.o)
 .bss           0x008001d2        0x0 c:/imt_sdk_win_64/winavr/bin/../lib/gcc/avr/4.3.3/avr5\libgcc.a(_ge_sf.o)
 .bss           0x008001d2        0x0 c:/imt_sdk_win_64/winavr/bin/../lib/gcc/avr/4.3.3/avr5\libgcc.a(_lt_sf.o)
 .bss           0x008001d2        0x0 c:/imt_sdk_win_64/winavr/bin/../lib/gcc/avr/4.3.3/avr5\libgcc.a(_si_to_sf.o)
 .bss           0x008001d2        0x0 c:/imt_sdk_win_64/winavr/bin/../lib/gcc/avr/4.3.3/avr5\libgcc.a(_sf_to_si.o)
 .bss           0x008001d2        0x0 c:/imt_sdk_win_64/winavr/bin/../lib/gcc/avr/4.3.3/avr5\libgcc.a(_thenan_sf.o)
 .bss           0x008001d2        0x0 c:/imt_sdk_win_64/winavr/bin/../lib/gcc/avr/4.3.3/avr5\libgcc.a(_usi_to_sf.o)
 .bss           0x008001d2        0x0 c:/imt_sdk_win_64/winavr/bin/../lib/gcc/avr/4.3.3/avr5\libgcc.a(_prologue.o)
 .bss           0x008001d2        0x0 c:/imt_sdk_win_64/winavr/bin/../lib/gcc/avr/4.3.3/avr5\libgcc.a(_epilogue.o)
 .bss           0x008001d2        0x0 c:/imt_sdk_win_64/winavr/bin/../lib/gcc/avr/4.3.3/avr5\libgcc.a(_clzsi2.o)
 .bss           0x008001d2        0x0 c:/imt_sdk_win_64/winavr/bin/../lib/gcc/avr/4.3.3/avr5\libgcc.a(_pack_sf.o)
 .bss           0x008001d2        0x0 c:/imt_sdk_win_64/winavr/bin/../lib/gcc/avr/4.3.3/avr5\libgcc.a(_unpack_sf.o)
 .bss           0x008001d2        0x0 c:/imt_sdk_win_64/winavr/bin/../lib/gcc/avr/4.3.3/avr5\libgcc.a(_fpcmp_parts_sf.o)
 .bss           0x008001d2        0x0 c:/imt_sdk_win_64/winavr/bin/../lib/gcc/avr/4.3.3/avr5\libgcc.a(_clz.o)
 *(.bss*)
 .bss.RecieveCompleteFuncPointer
                0x008001d2        0x2 ./library/MCAL/UART/UART_program.o
                0x008001d2                RecieveCompleteFuncPointer
 .bss.TransmissionCompleteFuncPointer
                0x008001d4        0x2 ./library/MCAL/UART/UART_program.o
                0x008001d4                TransmissionCompleteFuncPointer
 .bss.DataRegisterEmptyFuncPointer
                0x008001d6        0x2 ./library/MCAL/UART/UART_program.o
                0x008001d6                DataRegisterEmptyFuncPointer
 .bss.TIM0_pu8_OverFlow_Interrupt
                0x008001d8        0x2 ./library/MCAL/TIM/TIM_program.o
 .bss.TIM0_pu8_CompareMatch_Interrupt
                0x008001da        0x2 ./library/MCAL/TIM/TIM_program.o
 .bss.TIM1_pu8_OverFlow_Interrupt
                0x008001dc        0x2 ./library/MCAL/TIM/TIM_program.o
 .bss.TIM1_pu8_CompareMatchA_Interrupt
                0x008001de        0x2 ./library/MCAL/TIM/TIM_program.o
 .bss.TIM1_pu8_CompareMatchB_Interrupt
                0x008001e0        0x2 ./library/MCAL/TIM/TIM_program.o
 .bss.TIM1_pu8_InputCapture_Interrupt
                0x008001e2        0x2 ./library/MCAL/TIM/TIM_program.o
 .bss.TIM2_pu8_OverFlow_Interrupt
                0x008001e4        0x2 ./library/MCAL/TIM/TIM_program.o
 .bss.TIM2_pu8_CompareMatch_Interrupt
                0x008001e6        0x2 ./library/MCAL/TIM/TIM_program.o
 .bss.pf        0x008001e8        0x6 ./library/MCAL/EXTI/EXTI_program.o
 .bss.ADC_pu8_Interrupt_function
                0x008001ee        0x2 ./library/MCAL/ADC/ADC_program.o
 .bss.USS_timeLapsed
                0x008001f0        0x2 ./library/HAL/USS/USS_program.o
                0x008001f0                USS_timeLapsed
 .bss.USS_distArr
                0x008001f2        0xa ./library/HAL/USS/USS_program.o
                0x008001f2                USS_distArr
 .bss.USS_arrCount
                0x008001fc        0x1 ./library/HAL/USS/USS_program.o
                0x008001fc                USS_arrCount
 .bss.USS_state
                0x008001fd        0x1 ./library/HAL/USS/USS_program.o
                0x008001fd                USS_state
 .bss.USS_startCount
                0x008001fe        0x2 ./library/HAL/USS/USS_program.o
                0x008001fe                USS_startCount
 .bss.RC_SYSTEM_u8_Mode
                0x00800200        0x1 ./library/APP/RC_SYSTEM/RC_SYSTEM_program.o
                0x00800200                RC_SYSTEM_u8_Mode
 .bss.byteIndex
                0x00800201        0x1 ./library/APP/RC_SYSTEM/RC_SYSTEM_program.o
                0x00800201                byteIndex
 .bss.taskCounter
                0x00800202        0x1 ./library/APP/CRTOS/CRTOS_program.o
                0x00800202                taskCounter
 .bss.delayCount
                0x00800203        0x1 ./library/APP/CRTOS/CRTOS_program.o
                0x00800203                delayCount
 .bss.endLineReached
                0x00800204        0x1 ./library/APP/AUTO/AUTO_program.o
                0x00800204                endLineReached
 .bss.AUTO_count
                0x00800205        0x2 ./library/APP/AUTO/AUTO_program.o
                0x00800205                AUTO_count
 *(COMMON)
 COMMON         0x00800207        0x2 ./library/HAL/KPD/KPD_program.o
                0x00800207                KPD_pu8_Layout
 COMMON         0x00800209        0x8 ./library/APP/RC_SYSTEM/RC_SYSTEM_program.o
                0x00800209                Frame
 COMMON         0x00800211       0x46 ./library/APP/CRTOS/CRTOS_program.o
                0x00800211                taskArr
                0x00800257                PROVIDE (__bss_end, .)
                0x00006108                __data_load_start = LOADADDR (.data)
                0x0000627a                __data_load_end = (__data_load_start + SIZEOF (.data))

.noinit         0x00800257        0x0
                0x00800257                PROVIDE (__noinit_start, .)
 *(.noinit*)
                0x00800257                PROVIDE (__noinit_end, .)
                0x00800257                _end = .
                0x00800257                PROVIDE (__heap_start, .)

.eeprom         0x00810000        0x0
 *(.eeprom*)
                0x00810000                __eeprom_end = .

.fuse
 *(.fuse)
 *(.lfuse)
 *(.hfuse)
 *(.efuse)

.lock
 *(.lock*)

.signature
 *(.signature*)

.stab           0x00000000     0x78d8
 *(.stab)
 .stab          0x00000000      0x2a0 ./library/MCAL/WD/WD_program.o
 .stab          0x000002a0      0xd44 ./library/MCAL/UART/UART_program.o
                                0xde0 (size before relaxing)
 .stab          0x00000fe4      0x6e4 ./library/MCAL/TWI/TWI_program.o
                                0x780 (size before relaxing)
 .stab          0x000016c8     0x10a4 ./library/MCAL/TIM/TIM_program.o
                               0x1140 (size before relaxing)
 .stab          0x0000276c      0x2a0 ./library/MCAL/SPI/SPI_program.o
                                0x33c (size before relaxing)
 .stab          0x00002a0c      0x18c ./library/MCAL/PWR/PWR_program.o
                                0x228 (size before relaxing)
 .stab          0x00002b98      0x174 ./library/MCAL/GPI/GPI_program.o
                                0x210 (size before relaxing)
 .stab          0x00002d0c      0x420 ./library/MCAL/EXTI/EXTI_program.o
                                0x4bc (size before relaxing)
 .stab          0x0000312c      0x840 ./library/MCAL/DIO/DIO_program.o
                                0x8dc (size before relaxing)
 .stab          0x0000396c      0x468 ./library/MCAL/ADC/ADC_program.o
                                0x504 (size before relaxing)
 .stab          0x00003dd4      0x228 ./library/LIB/delay.o
                                0x234 (size before relaxing)
 .stab          0x00003ffc      0x528 ./library/HAL/USS/USS_program.o
                                0x744 (size before relaxing)
 .stab          0x00004524      0x420 ./library/HAL/StepperMotor/StepperMotor_program.o
                                0x4bc (size before relaxing)
 .stab          0x00004944      0x240 ./library/HAL/SSD/SSD_program.o
                                0x2dc (size before relaxing)
 .stab          0x00004b84      0x258 ./library/HAL/SERVO/SERVO_program.o
                                0x264 (size before relaxing)
 .stab          0x00004ddc      0x714 ./library/HAL/LCD/LCD_program.o
                                0x7b0 (size before relaxing)
 .stab          0x000054f0      0x63c ./library/HAL/KPD/KPD_program.o
                                0x6d8 (size before relaxing)
 .stab          0x00005b2c      0x1d4 ./library/HAL/IR/IR_program.o
                                0x270 (size before relaxing)
 .stab          0x00005d00      0x4e0 ./library/HAL/GamePad/GamePad_program.o
                                0x57c (size before relaxing)
 .stab          0x000061e0      0x354 ./library/HAL/EEPROM/EEPROM_Program.o
                                0x5a0 (size before relaxing)
 .stab          0x00006534      0x2c4 ./library/HAL/DSC/DSC_program.o
                                0x360 (size before relaxing)
 .stab          0x000067f8      0x318 ./library/APP/RC_SYSTEM/RC_SYSTEM_program.o
                                0x3b4 (size before relaxing)
 .stab          0x00006b10      0x270 ./library/APP/MAN/MAN_program.o
                                0x348 (size before relaxing)
 .stab          0x00006d80      0x474 ./library/APP/CRTOS/CRTOS_program.o
                                0x510 (size before relaxing)
 .stab          0x000071f4      0x5dc ./library/APP/AUTO/AUTO_program.o
                                0x84c (size before relaxing)
 .stab          0x000077d0      0x108 ./main.o
                                0x1a4 (size before relaxing)

.stabstr        0x00000000     0x3af8
 *(.stabstr)
 .stabstr       0x00000000     0x3af8 ./library/MCAL/WD/WD_program.o

.stab.excl
 *(.stab.excl)

.stab.exclstr
 *(.stab.exclstr)

.stab.index
 *(.stab.index)

.stab.indexstr
 *(.stab.indexstr)

.comment
 *(.comment)

.debug
 *(.debug)

.line
 *(.line)

.debug_srcinfo
 *(.debug_srcinfo)

.debug_sfnames
 *(.debug_sfnames)

.debug_aranges  0x00000000      0x1c0
 *(.debug_aranges)
 .debug_aranges
                0x00000000       0x20 c:/imt_sdk_win_64/winavr/bin/../lib/gcc/avr/4.3.3/avr5\libgcc.a(_fixunssfsi.o)
 .debug_aranges
                0x00000020       0x20 c:/imt_sdk_win_64/winavr/bin/../lib/gcc/avr/4.3.3/avr5\libgcc.a(_addsub_sf.o)
 .debug_aranges
                0x00000040       0x20 c:/imt_sdk_win_64/winavr/bin/../lib/gcc/avr/4.3.3/avr5\libgcc.a(_mul_sf.o)
 .debug_aranges
                0x00000060       0x20 c:/imt_sdk_win_64/winavr/bin/../lib/gcc/avr/4.3.3/avr5\libgcc.a(_div_sf.o)
 .debug_aranges
                0x00000080       0x20 c:/imt_sdk_win_64/winavr/bin/../lib/gcc/avr/4.3.3/avr5\libgcc.a(_gt_sf.o)
 .debug_aranges
                0x000000a0       0x20 c:/imt_sdk_win_64/winavr/bin/../lib/gcc/avr/4.3.3/avr5\libgcc.a(_ge_sf.o)
 .debug_aranges
                0x000000c0       0x20 c:/imt_sdk_win_64/winavr/bin/../lib/gcc/avr/4.3.3/avr5\libgcc.a(_lt_sf.o)
 .debug_aranges
                0x000000e0       0x20 c:/imt_sdk_win_64/winavr/bin/../lib/gcc/avr/4.3.3/avr5\libgcc.a(_si_to_sf.o)
 .debug_aranges
                0x00000100       0x20 c:/imt_sdk_win_64/winavr/bin/../lib/gcc/avr/4.3.3/avr5\libgcc.a(_sf_to_si.o)
 .debug_aranges
                0x00000120       0x20 c:/imt_sdk_win_64/winavr/bin/../lib/gcc/avr/4.3.3/avr5\libgcc.a(_usi_to_sf.o)
 .debug_aranges
                0x00000140       0x20 c:/imt_sdk_win_64/winavr/bin/../lib/gcc/avr/4.3.3/avr5\libgcc.a(_clzsi2.o)
 .debug_aranges
                0x00000160       0x20 c:/imt_sdk_win_64/winavr/bin/../lib/gcc/avr/4.3.3/avr5\libgcc.a(_pack_sf.o)
 .debug_aranges
                0x00000180       0x20 c:/imt_sdk_win_64/winavr/bin/../lib/gcc/avr/4.3.3/avr5\libgcc.a(_unpack_sf.o)
 .debug_aranges
                0x000001a0       0x20 c:/imt_sdk_win_64/winavr/bin/../lib/gcc/avr/4.3.3/avr5\libgcc.a(_fpcmp_parts_sf.o)

.debug_pubnames
                0x00000000      0x214
 *(.debug_pubnames)
 .debug_pubnames
                0x00000000       0x23 c:/imt_sdk_win_64/winavr/bin/../lib/gcc/avr/4.3.3/avr5\libgcc.a(_fixunssfsi.o)
 .debug_pubnames
                0x00000023       0x2c c:/imt_sdk_win_64/winavr/bin/../lib/gcc/avr/4.3.3/avr5\libgcc.a(_addsub_sf.o)
 .debug_pubnames
                0x0000004f       0x1f c:/imt_sdk_win_64/winavr/bin/../lib/gcc/avr/4.3.3/avr5\libgcc.a(_mul_sf.o)
 .debug_pubnames
                0x0000006e       0x1f c:/imt_sdk_win_64/winavr/bin/../lib/gcc/avr/4.3.3/avr5\libgcc.a(_div_sf.o)
 .debug_pubnames
                0x0000008d       0x1e c:/imt_sdk_win_64/winavr/bin/../lib/gcc/avr/4.3.3/avr5\libgcc.a(_gt_sf.o)
 .debug_pubnames
                0x000000ab       0x1e c:/imt_sdk_win_64/winavr/bin/../lib/gcc/avr/4.3.3/avr5\libgcc.a(_ge_sf.o)
 .debug_pubnames
                0x000000c9       0x1e c:/imt_sdk_win_64/winavr/bin/../lib/gcc/avr/4.3.3/avr5\libgcc.a(_lt_sf.o)
 .debug_pubnames
                0x000000e7       0x22 c:/imt_sdk_win_64/winavr/bin/../lib/gcc/avr/4.3.3/avr5\libgcc.a(_si_to_sf.o)
 .debug_pubnames
                0x00000109       0x20 c:/imt_sdk_win_64/winavr/bin/../lib/gcc/avr/4.3.3/avr5\libgcc.a(_sf_to_si.o)
 .debug_pubnames
                0x00000129       0x22 c:/imt_sdk_win_64/winavr/bin/../lib/gcc/avr/4.3.3/avr5\libgcc.a(_thenan_sf.o)
 .debug_pubnames
                0x0000014b       0x24 c:/imt_sdk_win_64/winavr/bin/../lib/gcc/avr/4.3.3/avr5\libgcc.a(_usi_to_sf.o)
 .debug_pubnames
                0x0000016f       0x1f c:/imt_sdk_win_64/winavr/bin/../lib/gcc/avr/4.3.3/avr5\libgcc.a(_clzsi2.o)
 .debug_pubnames
                0x0000018e       0x1f c:/imt_sdk_win_64/winavr/bin/../lib/gcc/avr/4.3.3/avr5\libgcc.a(_pack_sf.o)
 .debug_pubnames
                0x000001ad       0x21 c:/imt_sdk_win_64/winavr/bin/../lib/gcc/avr/4.3.3/avr5\libgcc.a(_unpack_sf.o)
 .debug_pubnames
                0x000001ce       0x26 c:/imt_sdk_win_64/winavr/bin/../lib/gcc/avr/4.3.3/avr5\libgcc.a(_fpcmp_parts_sf.o)
 .debug_pubnames
                0x000001f4       0x20 c:/imt_sdk_win_64/winavr/bin/../lib/gcc/avr/4.3.3/avr5\libgcc.a(_clz.o)

.debug_info     0x00000000     0x2612
 *(.debug_info)
 .debug_info    0x00000000       0xb1 c:/imt_sdk_win_64/winavr/bin/../lib/gcc/avr/4.3.3/avr5\libgcc.a(_fixunssfsi.o)
 .debug_info    0x000000b1      0x47a c:/imt_sdk_win_64/winavr/bin/../lib/gcc/avr/4.3.3/avr5\libgcc.a(_addsub_sf.o)
 .debug_info    0x0000052b      0x485 c:/imt_sdk_win_64/winavr/bin/../lib/gcc/avr/4.3.3/avr5\libgcc.a(_mul_sf.o)
 .debug_info    0x000009b0      0x3fc c:/imt_sdk_win_64/winavr/bin/../lib/gcc/avr/4.3.3/avr5\libgcc.a(_div_sf.o)
 .debug_info    0x00000dac      0x27f c:/imt_sdk_win_64/winavr/bin/../lib/gcc/avr/4.3.3/avr5\libgcc.a(_gt_sf.o)
 .debug_info    0x0000102b      0x27f c:/imt_sdk_win_64/winavr/bin/../lib/gcc/avr/4.3.3/avr5\libgcc.a(_ge_sf.o)
 .debug_info    0x000012aa      0x27f c:/imt_sdk_win_64/winavr/bin/../lib/gcc/avr/4.3.3/avr5\libgcc.a(_lt_sf.o)
 .debug_info    0x00001529      0x207 c:/imt_sdk_win_64/winavr/bin/../lib/gcc/avr/4.3.3/avr5\libgcc.a(_si_to_sf.o)
 .debug_info    0x00001730      0x2b0 c:/imt_sdk_win_64/winavr/bin/../lib/gcc/avr/4.3.3/avr5\libgcc.a(_sf_to_si.o)
 .debug_info    0x000019e0      0x12c c:/imt_sdk_win_64/winavr/bin/../lib/gcc/avr/4.3.3/avr5\libgcc.a(_thenan_sf.o)
 .debug_info    0x00001b0c      0x206 c:/imt_sdk_win_64/winavr/bin/../lib/gcc/avr/4.3.3/avr5\libgcc.a(_usi_to_sf.o)
 .debug_info    0x00001d12      0x117 c:/imt_sdk_win_64/winavr/bin/../lib/gcc/avr/4.3.3/avr5\libgcc.a(_clzsi2.o)
 .debug_info    0x00001e29      0x2df c:/imt_sdk_win_64/winavr/bin/../lib/gcc/avr/4.3.3/avr5\libgcc.a(_pack_sf.o)
 .debug_info    0x00002108      0x251 c:/imt_sdk_win_64/winavr/bin/../lib/gcc/avr/4.3.3/avr5\libgcc.a(_unpack_sf.o)
 .debug_info    0x00002359      0x210 c:/imt_sdk_win_64/winavr/bin/../lib/gcc/avr/4.3.3/avr5\libgcc.a(_fpcmp_parts_sf.o)
 .debug_info    0x00002569       0xa9 c:/imt_sdk_win_64/winavr/bin/../lib/gcc/avr/4.3.3/avr5\libgcc.a(_clz.o)
 *(.gnu.linkonce.wi.*)

.debug_abbrev   0x00000000     0x14ce
 *(.debug_abbrev)
 .debug_abbrev  0x00000000       0x5d c:/imt_sdk_win_64/winavr/bin/../lib/gcc/avr/4.3.3/avr5\libgcc.a(_fixunssfsi.o)
 .debug_abbrev  0x0000005d      0x1ea c:/imt_sdk_win_64/winavr/bin/../lib/gcc/avr/4.3.3/avr5\libgcc.a(_addsub_sf.o)
 .debug_abbrev  0x00000247      0x21b c:/imt_sdk_win_64/winavr/bin/../lib/gcc/avr/4.3.3/avr5\libgcc.a(_mul_sf.o)
 .debug_abbrev  0x00000462      0x216 c:/imt_sdk_win_64/winavr/bin/../lib/gcc/avr/4.3.3/avr5\libgcc.a(_div_sf.o)
 .debug_abbrev  0x00000678      0x15a c:/imt_sdk_win_64/winavr/bin/../lib/gcc/avr/4.3.3/avr5\libgcc.a(_gt_sf.o)
 .debug_abbrev  0x000007d2      0x15a c:/imt_sdk_win_64/winavr/bin/../lib/gcc/avr/4.3.3/avr5\libgcc.a(_ge_sf.o)
 .debug_abbrev  0x0000092c      0x15a c:/imt_sdk_win_64/winavr/bin/../lib/gcc/avr/4.3.3/avr5\libgcc.a(_lt_sf.o)
 .debug_abbrev  0x00000a86      0x148 c:/imt_sdk_win_64/winavr/bin/../lib/gcc/avr/4.3.3/avr5\libgcc.a(_si_to_sf.o)
 .debug_abbrev  0x00000bce      0x17f c:/imt_sdk_win_64/winavr/bin/../lib/gcc/avr/4.3.3/avr5\libgcc.a(_sf_to_si.o)
 .debug_abbrev  0x00000d4d       0xad c:/imt_sdk_win_64/winavr/bin/../lib/gcc/avr/4.3.3/avr5\libgcc.a(_thenan_sf.o)
 .debug_abbrev  0x00000dfa      0x157 c:/imt_sdk_win_64/winavr/bin/../lib/gcc/avr/4.3.3/avr5\libgcc.a(_usi_to_sf.o)
 .debug_abbrev  0x00000f51       0xc4 c:/imt_sdk_win_64/winavr/bin/../lib/gcc/avr/4.3.3/avr5\libgcc.a(_clzsi2.o)
 .debug_abbrev  0x00001015      0x1c0 c:/imt_sdk_win_64/winavr/bin/../lib/gcc/avr/4.3.3/avr5\libgcc.a(_pack_sf.o)
 .debug_abbrev  0x000011d5      0x154 c:/imt_sdk_win_64/winavr/bin/../lib/gcc/avr/4.3.3/avr5\libgcc.a(_unpack_sf.o)
 .debug_abbrev  0x00001329      0x13b c:/imt_sdk_win_64/winavr/bin/../lib/gcc/avr/4.3.3/avr5\libgcc.a(_fpcmp_parts_sf.o)
 .debug_abbrev  0x00001464       0x6a c:/imt_sdk_win_64/winavr/bin/../lib/gcc/avr/4.3.3/avr5\libgcc.a(_clz.o)

.debug_line     0x00000000     0x130b
 *(.debug_line)
 .debug_line    0x00000000       0xa7 c:/imt_sdk_win_64/winavr/bin/../lib/gcc/avr/4.3.3/avr5\libgcc.a(_fixunssfsi.o)
 .debug_line    0x000000a7      0x2af c:/imt_sdk_win_64/winavr/bin/../lib/gcc/avr/4.3.3/avr5\libgcc.a(_addsub_sf.o)
 .debug_line    0x00000356      0x239 c:/imt_sdk_win_64/winavr/bin/../lib/gcc/avr/4.3.3/avr5\libgcc.a(_mul_sf.o)
 .debug_line    0x0000058f      0x1d5 c:/imt_sdk_win_64/winavr/bin/../lib/gcc/avr/4.3.3/avr5\libgcc.a(_div_sf.o)
 .debug_line    0x00000764       0xd3 c:/imt_sdk_win_64/winavr/bin/../lib/gcc/avr/4.3.3/avr5\libgcc.a(_gt_sf.o)
 .debug_line    0x00000837       0xd3 c:/imt_sdk_win_64/winavr/bin/../lib/gcc/avr/4.3.3/avr5\libgcc.a(_ge_sf.o)
 .debug_line    0x0000090a       0xd3 c:/imt_sdk_win_64/winavr/bin/../lib/gcc/avr/4.3.3/avr5\libgcc.a(_lt_sf.o)
 .debug_line    0x000009dd      0x135 c:/imt_sdk_win_64/winavr/bin/../lib/gcc/avr/4.3.3/avr5\libgcc.a(_si_to_sf.o)
 .debug_line    0x00000b12      0x109 c:/imt_sdk_win_64/winavr/bin/../lib/gcc/avr/4.3.3/avr5\libgcc.a(_sf_to_si.o)
 .debug_line    0x00000c1b       0x90 c:/imt_sdk_win_64/winavr/bin/../lib/gcc/avr/4.3.3/avr5\libgcc.a(_thenan_sf.o)
 .debug_line    0x00000cab      0x133 c:/imt_sdk_win_64/winavr/bin/../lib/gcc/avr/4.3.3/avr5\libgcc.a(_usi_to_sf.o)
 .debug_line    0x00000dde       0xa5 c:/imt_sdk_win_64/winavr/bin/../lib/gcc/avr/4.3.3/avr5\libgcc.a(_clzsi2.o)
 .debug_line    0x00000e83      0x18a c:/imt_sdk_win_64/winavr/bin/../lib/gcc/avr/4.3.3/avr5\libgcc.a(_pack_sf.o)
 .debug_line    0x0000100d      0x14b c:/imt_sdk_win_64/winavr/bin/../lib/gcc/avr/4.3.3/avr5\libgcc.a(_unpack_sf.o)
 .debug_line    0x00001158      0x137 c:/imt_sdk_win_64/winavr/bin/../lib/gcc/avr/4.3.3/avr5\libgcc.a(_fpcmp_parts_sf.o)
 .debug_line    0x0000128f       0x7c c:/imt_sdk_win_64/winavr/bin/../lib/gcc/avr/4.3.3/avr5\libgcc.a(_clz.o)

.debug_frame    0x00000000      0x1e0
 *(.debug_frame)
 .debug_frame   0x00000000       0x20 c:/imt_sdk_win_64/winavr/bin/../lib/gcc/avr/4.3.3/avr5\libgcc.a(_fixunssfsi.o)
 .debug_frame   0x00000020       0x40 c:/imt_sdk_win_64/winavr/bin/../lib/gcc/avr/4.3.3/avr5\libgcc.a(_addsub_sf.o)
 .debug_frame   0x00000060       0x20 c:/imt_sdk_win_64/winavr/bin/../lib/gcc/avr/4.3.3/avr5\libgcc.a(_mul_sf.o)
 .debug_frame   0x00000080       0x20 c:/imt_sdk_win_64/winavr/bin/../lib/gcc/avr/4.3.3/avr5\libgcc.a(_div_sf.o)
 .debug_frame   0x000000a0       0x20 c:/imt_sdk_win_64/winavr/bin/../lib/gcc/avr/4.3.3/avr5\libgcc.a(_gt_sf.o)
 .debug_frame   0x000000c0       0x20 c:/imt_sdk_win_64/winavr/bin/../lib/gcc/avr/4.3.3/avr5\libgcc.a(_ge_sf.o)
 .debug_frame   0x000000e0       0x20 c:/imt_sdk_win_64/winavr/bin/../lib/gcc/avr/4.3.3/avr5\libgcc.a(_lt_sf.o)
 .debug_frame   0x00000100       0x20 c:/imt_sdk_win_64/winavr/bin/../lib/gcc/avr/4.3.3/avr5\libgcc.a(_si_to_sf.o)
 .debug_frame   0x00000120       0x20 c:/imt_sdk_win_64/winavr/bin/../lib/gcc/avr/4.3.3/avr5\libgcc.a(_sf_to_si.o)
 .debug_frame   0x00000140       0x20 c:/imt_sdk_win_64/winavr/bin/../lib/gcc/avr/4.3.3/avr5\libgcc.a(_usi_to_sf.o)
 .debug_frame   0x00000160       0x20 c:/imt_sdk_win_64/winavr/bin/../lib/gcc/avr/4.3.3/avr5\libgcc.a(_clzsi2.o)
 .debug_frame   0x00000180       0x20 c:/imt_sdk_win_64/winavr/bin/../lib/gcc/avr/4.3.3/avr5\libgcc.a(_pack_sf.o)
 .debug_frame   0x000001a0       0x20 c:/imt_sdk_win_64/winavr/bin/../lib/gcc/avr/4.3.3/avr5\libgcc.a(_unpack_sf.o)
 .debug_frame   0x000001c0       0x20 c:/imt_sdk_win_64/winavr/bin/../lib/gcc/avr/4.3.3/avr5\libgcc.a(_fpcmp_parts_sf.o)

.debug_str      0x00000000      0x307
 *(.debug_str)
 .debug_str     0x00000000       0xbf c:/imt_sdk_win_64/winavr/bin/../lib/gcc/avr/4.3.3/avr5\libgcc.a(_fixunssfsi.o)
                                 0xfe (size before relaxing)
 .debug_str     0x000000bf      0x14d c:/imt_sdk_win_64/winavr/bin/../lib/gcc/avr/4.3.3/avr5\libgcc.a(_addsub_sf.o)
                                0x206 (size before relaxing)
 .debug_str     0x0000020c       0x27 c:/imt_sdk_win_64/winavr/bin/../lib/gcc/avr/4.3.3/avr5\libgcc.a(_mul_sf.o)
                                0x1bf (size before relaxing)
 .debug_str     0x00000233       0x35 c:/imt_sdk_win_64/winavr/bin/../lib/gcc/avr/4.3.3/avr5\libgcc.a(_div_sf.o)
                                0x1c8 (size before relaxing)
 .debug_str     0x00000268        0x8 c:/imt_sdk_win_64/winavr/bin/../lib/gcc/avr/4.3.3/avr5\libgcc.a(_gt_sf.o)
                                0x195 (size before relaxing)
 .debug_str     0x00000270        0x8 c:/imt_sdk_win_64/winavr/bin/../lib/gcc/avr/4.3.3/avr5\libgcc.a(_ge_sf.o)
                                0x195 (size before relaxing)
 .debug_str     0x00000278        0x8 c:/imt_sdk_win_64/winavr/bin/../lib/gcc/avr/4.3.3/avr5\libgcc.a(_lt_sf.o)
                                0x195 (size before relaxing)
 .debug_str     0x00000280       0x1e c:/imt_sdk_win_64/winavr/bin/../lib/gcc/avr/4.3.3/avr5\libgcc.a(_si_to_sf.o)
                                0x17b (size before relaxing)
 .debug_str     0x0000029e        0xa c:/imt_sdk_win_64/winavr/bin/../lib/gcc/avr/4.3.3/avr5\libgcc.a(_sf_to_si.o)
                                0x19e (size before relaxing)
 .debug_str     0x00000000      0x103 c:/imt_sdk_win_64/winavr/bin/../lib/gcc/avr/4.3.3/avr5\libgcc.a(_thenan_sf.o)
 .debug_str     0x000002a8       0x14 c:/imt_sdk_win_64/winavr/bin/../lib/gcc/avr/4.3.3/avr5\libgcc.a(_usi_to_sf.o)
                                0x177 (size before relaxing)
 .debug_str     0x000002bc       0x20 c:/imt_sdk_win_64/winavr/bin/../lib/gcc/avr/4.3.3/avr5\libgcc.a(_clzsi2.o)
                                0x111 (size before relaxing)
 .debug_str     0x000002dc       0x10 c:/imt_sdk_win_64/winavr/bin/../lib/gcc/avr/4.3.3/avr5\libgcc.a(_pack_sf.o)
                                0x19d (size before relaxing)
 .debug_str     0x000002ec        0xb c:/imt_sdk_win_64/winavr/bin/../lib/gcc/avr/4.3.3/avr5\libgcc.a(_unpack_sf.o)
                                0x17f (size before relaxing)
 .debug_str     0x000002f7       0x10 c:/imt_sdk_win_64/winavr/bin/../lib/gcc/avr/4.3.3/avr5\libgcc.a(_fpcmp_parts_sf.o)
                                0x163 (size before relaxing)
 .debug_str     0x00000000       0xf4 c:/imt_sdk_win_64/winavr/bin/../lib/gcc/avr/4.3.3/avr5\libgcc.a(_clz.o)

.debug_loc      0x00000000      0xa1a
 *(.debug_loc)
 .debug_loc     0x00000000       0x34 c:/imt_sdk_win_64/winavr/bin/../lib/gcc/avr/4.3.3/avr5\libgcc.a(_fixunssfsi.o)
 .debug_loc     0x00000034      0x32a c:/imt_sdk_win_64/winavr/bin/../lib/gcc/avr/4.3.3/avr5\libgcc.a(_addsub_sf.o)
 .debug_loc     0x0000035e      0x104 c:/imt_sdk_win_64/winavr/bin/../lib/gcc/avr/4.3.3/avr5\libgcc.a(_mul_sf.o)
 .debug_loc     0x00000462       0xc0 c:/imt_sdk_win_64/winavr/bin/../lib/gcc/avr/4.3.3/avr5\libgcc.a(_div_sf.o)
 .debug_loc     0x00000522       0x3c c:/imt_sdk_win_64/winavr/bin/../lib/gcc/avr/4.3.3/avr5\libgcc.a(_gt_sf.o)
 .debug_loc     0x0000055e       0x3c c:/imt_sdk_win_64/winavr/bin/../lib/gcc/avr/4.3.3/avr5\libgcc.a(_ge_sf.o)
 .debug_loc     0x0000059a       0x3c c:/imt_sdk_win_64/winavr/bin/../lib/gcc/avr/4.3.3/avr5\libgcc.a(_lt_sf.o)
 .debug_loc     0x000005d6       0xac c:/imt_sdk_win_64/winavr/bin/../lib/gcc/avr/4.3.3/avr5\libgcc.a(_si_to_sf.o)
 .debug_loc     0x00000682       0x7e c:/imt_sdk_win_64/winavr/bin/../lib/gcc/avr/4.3.3/avr5\libgcc.a(_sf_to_si.o)
 .debug_loc     0x00000700       0x4c c:/imt_sdk_win_64/winavr/bin/../lib/gcc/avr/4.3.3/avr5\libgcc.a(_usi_to_sf.o)
 .debug_loc     0x0000074c       0x94 c:/imt_sdk_win_64/winavr/bin/../lib/gcc/avr/4.3.3/avr5\libgcc.a(_clzsi2.o)
 .debug_loc     0x000007e0      0x13e c:/imt_sdk_win_64/winavr/bin/../lib/gcc/avr/4.3.3/avr5\libgcc.a(_pack_sf.o)
 .debug_loc     0x0000091e       0xac c:/imt_sdk_win_64/winavr/bin/../lib/gcc/avr/4.3.3/avr5\libgcc.a(_unpack_sf.o)
 .debug_loc     0x000009ca       0x50 c:/imt_sdk_win_64/winavr/bin/../lib/gcc/avr/4.3.3/avr5\libgcc.a(_fpcmp_parts_sf.o)

.debug_macinfo
 *(.debug_macinfo)
OUTPUT(AutonomousRC_Project.elf elf32-avr)
LOAD linker stubs

.debug_ranges   0x00000000       0x50
 .debug_ranges  0x00000000       0x50 c:/imt_sdk_win_64/winavr/bin/../lib/gcc/avr/4.3.3/avr5\libgcc.a(_mul_sf.o)
